#-----------------------------------------------------------
# Webtalk v2017.4 (64-bit)
# SW Build 2086221 on Fri Dec 15 20:54:30 MST 2017
# IP Build 2085800 on Fri Dec 15 22:25:07 MST 2017
# Start of session at: Fri Jan  4 02:45:23 2019
# Process ID: 13666
# Current directory: /home/puya/Projects/FPGA/Xilinx/HLS/Vivado_HLS_Tutorial/Using_IP_with_IPI/lab1/project_1/project_1.sim/sim_1/behav/xsim
# Command line: wbtcv -mode batch -source /home/puya/Projects/FPGA/Xilinx/HLS/Vivado_HLS_Tutorial/Using_IP_with_IPI/lab1/project_1/project_1.sim/sim_1/behav/xsim/xsim.dir/realfft_rtl_tb_behav/webtalk/xsim_webtalk.tcl -notrace
# Log file: /home/puya/Projects/FPGA/Xilinx/HLS/Vivado_HLS_Tutorial/Using_IP_with_IPI/lab1/project_1/project_1.sim/sim_1/behav/xsim/webtalk.log
# Journal file: /home/puya/Projects/FPGA/Xilinx/HLS/Vivado_HLS_Tutorial/Using_IP_with_IPI/lab1/project_1/project_1.sim/sim_1/behav/xsim/webtalk.jou
#-----------------------------------------------------------
source /home/puya/Projects/FPGA/Xilinx/HLS/Vivado_HLS_Tutorial/Using_IP_with_IPI/lab1/project_1/project_1.sim/sim_1/behav/xsim/xsim.dir/realfft_rtl_tb_behav/webtalk/xsim_webtalk.tcl -notrace
