

================================================================
== Vivado HLS Report for 'adders'
================================================================
* Date:           Wed Jan  2 17:24:15 2019

* Version:        2017.4 (Build 2086221 on Fri Dec 15 21:13:33 MST 2017)
* Project:        adders_prj
* Solution:       solution1
* Product family: kintex7
* Target device:  xc7k160tfbg484-1


================================================================
== Performance Estimates
================================================================
+ Timing (ns): 
    * Summary: 
    +--------+-------+----------+------------+
    |  Clock | Target| Estimated| Uncertainty|
    +--------+-------+----------+------------+
    |ap_clk  |   1.00|      1.53|        0.12|
    +--------+-------+----------+------------+

+ Latency (clock cycles): 
    * Summary: 
    +-----+-----+-----+-----+---------+
    |  Latency  |  Interval | Pipeline|
    | min | max | min | max |   Type  |
    +-----+-----+-----+-----+---------+
    |    3|    3|    3|    3|   none  |
    +-----+-----+-----+-----+---------+

    + Detail: 
        * Instance: 
        N/A

        * Loop: 
        N/A



================================================================
== Utilization Estimates
================================================================
* Summary: 
+-----------------+---------+-------+--------+--------+
|       Name      | BRAM_18K| DSP48E|   FF   |   LUT  |
+-----------------+---------+-------+--------+--------+
|DSP              |        -|      -|       -|       -|
|Expression       |        -|      -|       -|       -|
|FIFO             |        -|      -|       -|       -|
|Instance         |        -|      -|     306|      74|
|Memory           |        -|      -|       -|       -|
|Multiplexer      |        -|      -|       -|      27|
|Register         |        -|      -|      36|       -|
+-----------------+---------+-------+--------+--------+
|Total            |        0|      0|     342|     101|
+-----------------+---------+-------+--------+--------+
|Available        |      650|    600|  202800|  101400|
+-----------------+---------+-------+--------+--------+
|Utilization (%)  |        0|      0|   ~0   |   ~0   |
+-----------------+---------+-------+--------+--------+

+ Detail: 
    * Instance: 
    +-------------------------+----------------------+---------+-------+-----+----+
    |         Instance        |        Module        | BRAM_18K| DSP48E|  FF | LUT|
    +-------------------------+----------------------+---------+-------+-----+----+
    |adders_add_32ns_3bkb_U1  |adders_add_32ns_3bkb  |        0|      0|  153|  37|
    |adders_add_32ns_3bkb_U2  |adders_add_32ns_3bkb  |        0|      0|  153|  37|
    +-------------------------+----------------------+---------+-------+-----+----+
    |Total                    |                      |        0|      0|  306|  74|
    +-------------------------+----------------------+---------+-------+-----+----+

    * DSP48: 
    N/A

    * Memory: 
    N/A

    * FIFO: 
    N/A

    * Expression: 
    N/A

    * Multiplexer: 
    +-----------+----+-----------+-----+-----------+
    |    Name   | LUT| Input Size| Bits| Total Bits|
    +-----------+----+-----------+-----+-----------+
    |ap_NS_fsm  |  27|          5|    1|          5|
    +-----------+----+-----------+-----+-----------+
    |Total      |  27|          5|    1|          5|
    +-----------+----+-----------+-----+-----------+

    * Register: 
    +-------------+----+----+-----+-----------+
    |     Name    | FF | LUT| Bits| Const Bits|
    +-------------+----+----+-----+-----------+
    |ap_CS_fsm    |   4|   0|    4|          0|
    |tmp1_reg_63  |  32|   0|   32|          0|
    +-------------+----+----+-----+-----------+
    |Total        |  36|   0|   36|          0|
    +-------------+----+----+-----+-----------+



================================================================
== Interface
================================================================
* Summary: 
+-----------+-----+-----+--------------+--------------+--------------+
| RTL Ports | Dir | Bits|   Protocol   | Source Object|    C Type    |
+-----------+-----+-----+--------------+--------------+--------------+
|ap_clk     |  in |    1| ap_ctrl_none |    adders    | return value |
|ap_rst     |  in |    1| ap_ctrl_none |    adders    | return value |
|ap_return  | out |   32| ap_ctrl_none |    adders    | return value |
|in1        |  in |   32|    ap_none   |      in1     |    scalar    |
|in2        |  in |   32|    ap_none   |      in2     |    scalar    |
|in3        |  in |   32|    ap_none   |      in3     |    scalar    |
+-----------+-----+-----+--------------+--------------+--------------+

