11:16:40 **** Build of project standalone_bsp_0 ****
make -k all 
"Running Make include in psu_cortexa53_0/libsrc/avbuf_v2_2/src"
make -C psu_cortexa53_0/libsrc/avbuf_v2_2/src -s include  "SHELL=CMD" "COMPILER=aarch64-none-elf-gcc" "ARCHIVER=aarch64-none-elf-ar" "COMPILER_FLAGS=  -O2 -c" "EXTRA_COMPILER_FLAGS=-g -Wall -Wextra"
"Running Make include in psu_cortexa53_0/libsrc/axipmon_v6_6/src"
make -C psu_cortexa53_0/libsrc/axipmon_v6_6/src -s include  "SHELL=CMD" "COMPILER=aarch64-none-elf-gcc" "ARCHIVER=aarch64-none-elf-ar" "COMPILER_FLAGS=  -O2 -c" "EXTRA_COMPILER_FLAGS=-g -Wall -Wextra"
"Running Make include in psu_cortexa53_0/libsrc/bram_v4_2/src"
make -C psu_cortexa53_0/libsrc/bram_v4_2/src -s include  "SHELL=CMD" "COMPILER=aarch64-none-elf-gcc" "ARCHIVER=aarch64-none-elf-ar" "COMPILER_FLAGS=  -O2 -c" "EXTRA_COMPILER_FLAGS=-g -Wall -Wextra"
"Running Make include in psu_cortexa53_0/libsrc/canps_v3_2/src"
make -C psu_cortexa53_0/libsrc/canps_v3_2/src -s include  "SHELL=CMD" "COMPILER=aarch64-none-elf-gcc" "ARCHIVER=aarch64-none-elf-ar" "COMPILER_FLAGS=  -O2 -c" "EXTRA_COMPILER_FLAGS=-g -Wall -Wextra"
"Running Make include in psu_cortexa53_0/libsrc/coresightps_dcc_v1_4/src"
make -C psu_cortexa53_0/libsrc/coresightps_dcc_v1_4/src -s include  "SHELL=CMD" "COMPILER=aarch64-none-elf-gcc" "ARCHIVER=aarch64-none-elf-ar" "COMPILER_FLAGS=  -O2 -c" "EXTRA_COMPILER_FLAGS=-g -Wall -Wextra"
"Running Make include in psu_cortexa53_0/libsrc/cpu_cortexa53_v1_5/src"
make -C psu_cortexa53_0/libsrc/cpu_cortexa53_v1_5/src -s include  "SHELL=CMD" "COMPILER=aarch64-none-elf-gcc" "ARCHIVER=aarch64-none-elf-ar" "COMPILER_FLAGS=  -O2 -c" "EXTRA_COMPILER_FLAGS=-g -Wall -Wextra"
"Running Make include in psu_cortexa53_0/libsrc/csudma_v1_2/src"
make -C psu_cortexa53_0/libsrc/csudma_v1_2/src -s include  "SHELL=CMD" "COMPILER=aarch64-none-elf-gcc" "ARCHIVER=aarch64-none-elf-ar" "COMPILER_FLAGS=  -O2 -c" "EXTRA_COMPILER_FLAGS=-g -Wall -Wextra"
"Running Make include in psu_cortexa53_0/libsrc/ddrcpsu_v1_1/src"
make -C psu_cortexa53_0/libsrc/ddrcpsu_v1_1/src -s include  "SHELL=CMD" "COMPILER=aarch64-none-elf-gcc" "ARCHIVER=aarch64-none-elf-ar" "COMPILER_FLAGS=  -O2 -c" "EXTRA_COMPILER_FLAGS=-g -Wall -Wextra"
"Running Make include in psu_cortexa53_0/libsrc/dpdma_v1_1/src"
make -C psu_cortexa53_0/libsrc/dpdma_v1_1/src -s include  "SHELL=CMD" "COMPILER=aarch64-none-elf-gcc" "ARCHIVER=aarch64-none-elf-ar" "COMPILER_FLAGS=  -O2 -c" "EXTRA_COMPILER_FLAGS=-g -Wall -Wextra"
"Running Make include in psu_cortexa53_0/libsrc/emacps_v3_7/src"
make -C psu_cortexa53_0/libsrc/emacps_v3_7/src -s include  "SHELL=CMD" "COMPILER=aarch64-none-elf-gcc" "ARCHIVER=aarch64-none-elf-ar" "COMPILER_FLAGS=  -O2 -c" "EXTRA_COMPILER_FLAGS=-g -Wall -Wextra"
"Running Make include in psu_cortexa53_0/libsrc/gpio_v4_3/src"
make -C psu_cortexa53_0/libsrc/gpio_v4_3/src -s include  "SHELL=CMD" "COMPILER=aarch64-none-elf-gcc" "ARCHIVER=aarch64-none-elf-ar" "COMPILER_FLAGS=  -O2 -c" "EXTRA_COMPILER_FLAGS=-g -Wall -Wextra"
"Running Make include in psu_cortexa53_0/libsrc/gpiops_v3_3/src"
make -C psu_cortexa53_0/libsrc/gpiops_v3_3/src -s include  "SHELL=CMD" "COMPILER=aarch64-none-elf-gcc" "ARCHIVER=aarch64-none-elf-ar" "COMPILER_FLAGS=  -O2 -c" "EXTRA_COMPILER_FLAGS=-g -Wall -Wextra"
"Running Make include in psu_cortexa53_0/libsrc/iic_v3_4/src"
make -C psu_cortexa53_0/libsrc/iic_v3_4/src -s include  "SHELL=CMD" "COMPILER=aarch64-none-elf-gcc" "ARCHIVER=aarch64-none-elf-ar" "COMPILER_FLAGS=  -O2 -c" "EXTRA_COMPILER_FLAGS=-g -Wall -Wextra"
"Running Make include in psu_cortexa53_0/libsrc/iicps_v3_7/src"
make -C psu_cortexa53_0/libsrc/iicps_v3_7/src -s include  "SHELL=CMD" "COMPILER=aarch64-none-elf-gcc" "ARCHIVER=aarch64-none-elf-ar" "COMPILER_FLAGS=  -O2 -c" "EXTRA_COMPILER_FLAGS=-g -Wall -Wextra"
"Running Make include in psu_cortexa53_0/libsrc/ipipsu_v2_3/src"
make -C psu_cortexa53_0/libsrc/ipipsu_v2_3/src -s include  "SHELL=CMD" "COMPILER=aarch64-none-elf-gcc" "ARCHIVER=aarch64-none-elf-ar" "COMPILER_FLAGS=  -O2 -c" "EXTRA_COMPILER_FLAGS=-g -Wall -Wextra"
"Running Make include in psu_cortexa53_0/libsrc/qspipsu_v1_7/src"
make -C psu_cortexa53_0/libsrc/qspipsu_v1_7/src -s include  "SHELL=CMD" "COMPILER=aarch64-none-elf-gcc" "ARCHIVER=aarch64-none-elf-ar" "COMPILER_FLAGS=  -O2 -c" "EXTRA_COMPILER_FLAGS=-g -Wall -Wextra"
"Running Make include in psu_cortexa53_0/libsrc/resetps_v1_1/src"
make -C psu_cortexa53_0/libsrc/resetps_v1_1/src -s include  "SHELL=CMD" "COMPILER=aarch64-none-elf-gcc" "ARCHIVER=aarch64-none-elf-ar" "COMPILER_FLAGS=  -O2 -c" "EXTRA_COMPILER_FLAGS=-g -Wall -Wextra"
"Running Make include in psu_cortexa53_0/libsrc/rtcpsu_v1_5/src"
make -C psu_cortexa53_0/libsrc/rtcpsu_v1_5/src -s include  "SHELL=CMD" "COMPILER=aarch64-none-elf-gcc" "ARCHIVER=aarch64-none-elf-ar" "COMPILER_FLAGS=  -O2 -c" "EXTRA_COMPILER_FLAGS=-g -Wall -Wextra"
"Running Make include in psu_cortexa53_0/libsrc/scugic_v3_9/src"
make -C psu_cortexa53_0/libsrc/scugic_v3_9/src -s include  "SHELL=CMD" "COMPILER=aarch64-none-elf-gcc" "ARCHIVER=aarch64-none-elf-ar" "COMPILER_FLAGS=  -O2 -c" "EXTRA_COMPILER_FLAGS=-g -Wall -Wextra"
"Running Make include in psu_cortexa53_0/libsrc/sdps_v3_5/src"
make -C psu_cortexa53_0/libsrc/sdps_v3_5/src -s include  "SHELL=CMD" "COMPILER=aarch64-none-elf-gcc" "ARCHIVER=aarch64-none-elf-ar" "COMPILER_FLAGS=  -O2 -c" "EXTRA_COMPILER_FLAGS=-g -Wall -Wextra"
"Running Make include in psu_cortexa53_0/libsrc/standalone_v6_7/src"
make -C psu_cortexa53_0/libsrc/standalone_v6_7/src -s include  "SHELL=CMD" "COMPILER=aarch64-none-elf-gcc" "ARCHIVER=aarch64-none-elf-ar" "COMPILER_FLAGS=  -O2 -c" "EXTRA_COMPILER_FLAGS=-g -Wall -Wextra"
"Running Make include in psu_cortexa53_0/libsrc/sysmon_v7_4/src"
make -C psu_cortexa53_0/libsrc/sysmon_v7_4/src -s include  "SHELL=CMD" "COMPILER=aarch64-none-elf-gcc" "ARCHIVER=aarch64-none-elf-ar" "COMPILER_FLAGS=  -O2 -c" "EXTRA_COMPILER_FLAGS=-g -Wall -Wextra"
"Running Make include in psu_cortexa53_0/libsrc/sysmonpsu_v2_4/src"
make -C psu_cortexa53_0/libsrc/sysmonpsu_v2_4/src -s include  "SHELL=CMD" "COMPILER=aarch64-none-elf-gcc" "ARCHIVER=aarch64-none-elf-ar" "COMPILER_FLAGS=  -O2 -c" "EXTRA_COMPILER_FLAGS=-g -Wall -Wextra"
"Running Make include in psu_cortexa53_0/libsrc/ttcps_v3_6/src"
make -C psu_cortexa53_0/libsrc/ttcps_v3_6/src -s include  "SHELL=CMD" "COMPILER=aarch64-none-elf-gcc" "ARCHIVER=aarch64-none-elf-ar" "COMPILER_FLAGS=  -O2 -c" "EXTRA_COMPILER_FLAGS=-g -Wall -Wextra"
"Running Make include in psu_cortexa53_0/libsrc/uartns550_v3_5/src"
make -C psu_cortexa53_0/libsrc/uartns550_v3_5/src -s include  "SHELL=CMD" "COMPILER=aarch64-none-elf-gcc" "ARCHIVER=aarch64-none-elf-ar" "COMPILER_FLAGS=  -O2 -c" "EXTRA_COMPILER_FLAGS=-g -Wall -Wextra"
"Running Make include in psu_cortexa53_0/libsrc/uartps_v3_6/src"
make -C psu_cortexa53_0/libsrc/uartps_v3_6/src -s include  "SHELL=CMD" "COMPILER=aarch64-none-elf-gcc" "ARCHIVER=aarch64-none-elf-ar" "COMPILER_FLAGS=  -O2 -c" "EXTRA_COMPILER_FLAGS=-g -Wall -Wextra"
"Running Make include in psu_cortexa53_0/libsrc/usbpsu_v1_4/src"
make -C psu_cortexa53_0/libsrc/usbpsu_v1_4/src -s include  "SHELL=CMD" "COMPILER=aarch64-none-elf-gcc" "ARCHIVER=aarch64-none-elf-ar" "COMPILER_FLAGS=  -O2 -c" "EXTRA_COMPILER_FLAGS=-g -Wall -Wextra"
"Running Make include in psu_cortexa53_0/libsrc/video_common_v4_4/src"
make -C psu_cortexa53_0/libsrc/video_common_v4_4/src -s include  "SHELL=CMD" "COMPILER=aarch64-none-elf-gcc" "ARCHIVER=aarch64-none-elf-ar" "COMPILER_FLAGS=  -O2 -c" "EXTRA_COMPILER_FLAGS=-g -Wall -Wextra"
"Running Make include in psu_cortexa53_0/libsrc/wdtps_v3_0/src"
make -C psu_cortexa53_0/libsrc/wdtps_v3_0/src -s include  "SHELL=CMD" "COMPILER=aarch64-none-elf-gcc" "ARCHIVER=aarch64-none-elf-ar" "COMPILER_FLAGS=  -O2 -c" "EXTRA_COMPILER_FLAGS=-g -Wall -Wextra"
"Running Make include in psu_cortexa53_0/libsrc/zdma_v1_5/src"
make -C psu_cortexa53_0/libsrc/zdma_v1_5/src -s include  "SHELL=CMD" "COMPILER=aarch64-none-elf-gcc" "ARCHIVER=aarch64-none-elf-ar" "COMPILER_FLAGS=  -O2 -c" "EXTRA_COMPILER_FLAGS=-g -Wall -Wextra"
"Running Make libs in psu_cortexa53_0/libsrc/avbuf_v2_2/src"
make -C psu_cortexa53_0/libsrc/avbuf_v2_2/src -s libs  "SHELL=CMD" "COMPILER=aarch64-none-elf-gcc" "ARCHIVER=aarch64-none-elf-ar" "COMPILER_FLAGS=  -O2 -c" "EXTRA_COMPILER_FLAGS=-g -Wall -Wextra"
"Compiling avbuf"
aarch64-none-elf-ar: creating ../../../lib/libxil.a
"Running Make libs in psu_cortexa53_0/libsrc/axipmon_v6_6/src"
make -C psu_cortexa53_0/libsrc/axipmon_v6_6/src -s libs  "SHELL=CMD" "COMPILER=aarch64-none-elf-gcc" "ARCHIVER=aarch64-none-elf-ar" "COMPILER_FLAGS=  -O2 -c" "EXTRA_COMPILER_FLAGS=-g -Wall -Wextra"
"Compiling axipmon"
"Running Make libs in psu_cortexa53_0/libsrc/bram_v4_2/src"
make -C psu_cortexa53_0/libsrc/bram_v4_2/src -s libs  "SHELL=CMD" "COMPILER=aarch64-none-elf-gcc" "ARCHIVER=aarch64-none-elf-ar" "COMPILER_FLAGS=  -O2 -c" "EXTRA_COMPILER_FLAGS=-g -Wall -Wextra"
"Compiling bram"
"Running Make libs in psu_cortexa53_0/libsrc/canps_v3_2/src"
make -C psu_cortexa53_0/libsrc/canps_v3_2/src -s libs  "SHELL=CMD" "COMPILER=aarch64-none-elf-gcc" "ARCHIVER=aarch64-none-elf-ar" "COMPILER_FLAGS=  -O2 -c" "EXTRA_COMPILER_FLAGS=-g -Wall -Wextra"
"Compiling canps"
"Running Make libs in psu_cortexa53_0/libsrc/coresightps_dcc_v1_4/src"
make -C psu_cortexa53_0/libsrc/coresightps_dcc_v1_4/src -s libs  "SHELL=CMD" "COMPILER=aarch64-none-elf-gcc" "ARCHIVER=aarch64-none-elf-ar" "COMPILER_FLAGS=  -O2 -c" "EXTRA_COMPILER_FLAGS=-g -Wall -Wextra"
"Compiling coresightps_dcc"
"Running Make libs in psu_cortexa53_0/libsrc/cpu_cortexa53_v1_5/src"
make -C psu_cortexa53_0/libsrc/cpu_cortexa53_v1_5/src -s libs  "SHELL=CMD" "COMPILER=aarch64-none-elf-gcc" "ARCHIVER=aarch64-none-elf-ar" "COMPILER_FLAGS=  -O2 -c" "EXTRA_COMPILER_FLAGS=-g -Wall -Wextra"
"Compiling cpu_cortexa53"
"Running Make libs in psu_cortexa53_0/libsrc/csudma_v1_2/src"
make -C psu_cortexa53_0/libsrc/csudma_v1_2/src -s libs  "SHELL=CMD" "COMPILER=aarch64-none-elf-gcc" "ARCHIVER=aarch64-none-elf-ar" "COMPILER_FLAGS=  -O2 -c" "EXTRA_COMPILER_FLAGS=-g -Wall -Wextra"
"Compiling csudma"
"Running Make libs in psu_cortexa53_0/libsrc/ddrcpsu_v1_1/src"
make -C psu_cortexa53_0/libsrc/ddrcpsu_v1_1/src -s libs  "SHELL=CMD" "COMPILER=aarch64-none-elf-gcc" "ARCHIVER=aarch64-none-elf-ar" "COMPILER_FLAGS=  -O2 -c" "EXTRA_COMPILER_FLAGS=-g -Wall -Wextra"
"Compiling ddrcpsu"
"Running Make libs in psu_cortexa53_0/libsrc/dpdma_v1_1/src"
make -C psu_cortexa53_0/libsrc/dpdma_v1_1/src -s libs  "SHELL=CMD" "COMPILER=aarch64-none-elf-gcc" "ARCHIVER=aarch64-none-elf-ar" "COMPILER_FLAGS=  -O2 -c" "EXTRA_COMPILER_FLAGS=-g -Wall -Wextra"
"Compiling dpdma"
"Running Make libs in psu_cortexa53_0/libsrc/emacps_v3_7/src"
make -C psu_cortexa53_0/libsrc/emacps_v3_7/src -s libs  "SHELL=CMD" "COMPILER=aarch64-none-elf-gcc" "ARCHIVER=aarch64-none-elf-ar" "COMPILER_FLAGS=  -O2 -c" "EXTRA_COMPILER_FLAGS=-g -Wall -Wextra"
"Compiling emacps"
"Running Make libs in psu_cortexa53_0/libsrc/gpio_v4_3/src"
make -C psu_cortexa53_0/libsrc/gpio_v4_3/src -s libs  "SHELL=CMD" "COMPILER=aarch64-none-elf-gcc" "ARCHIVER=aarch64-none-elf-ar" "COMPILER_FLAGS=  -O2 -c" "EXTRA_COMPILER_FLAGS=-g -Wall -Wextra"
"Compiling gpio"
"Running Make libs in psu_cortexa53_0/libsrc/gpiops_v3_3/src"
make -C psu_cortexa53_0/libsrc/gpiops_v3_3/src -s libs  "SHELL=CMD" "COMPILER=aarch64-none-elf-gcc" "ARCHIVER=aarch64-none-elf-ar" "COMPILER_FLAGS=  -O2 -c" "EXTRA_COMPILER_FLAGS=-g -Wall -Wextra"
"Compiling gpiops"
"Running Make libs in psu_cortexa53_0/libsrc/iic_v3_4/src"
make -C psu_cortexa53_0/libsrc/iic_v3_4/src -s libs  "SHELL=CMD" "COMPILER=aarch64-none-elf-gcc" "ARCHIVER=aarch64-none-elf-ar" "COMPILER_FLAGS=  -O2 -c" "EXTRA_COMPILER_FLAGS=-g -Wall -Wextra"
"Compiling iic"
"Running Make libs in psu_cortexa53_0/libsrc/iicps_v3_7/src"
make -C psu_cortexa53_0/libsrc/iicps_v3_7/src -s libs  "SHELL=CMD" "COMPILER=aarch64-none-elf-gcc" "ARCHIVER=aarch64-none-elf-ar" "COMPILER_FLAGS=  -O2 -c" "EXTRA_COMPILER_FLAGS=-g -Wall -Wextra"
"Compiling iicps"
"Running Make libs in psu_cortexa53_0/libsrc/ipipsu_v2_3/src"
make -C psu_cortexa53_0/libsrc/ipipsu_v2_3/src -s libs  "SHELL=CMD" "COMPILER=aarch64-none-elf-gcc" "ARCHIVER=aarch64-none-elf-ar" "COMPILER_FLAGS=  -O2 -c" "EXTRA_COMPILER_FLAGS=-g -Wall -Wextra"
"Compiling ipipsu"
"Running Make libs in psu_cortexa53_0/libsrc/qspipsu_v1_7/src"
make -C psu_cortexa53_0/libsrc/qspipsu_v1_7/src -s libs  "SHELL=CMD" "COMPILER=aarch64-none-elf-gcc" "ARCHIVER=aarch64-none-elf-ar" "COMPILER_FLAGS=  -O2 -c" "EXTRA_COMPILER_FLAGS=-g -Wall -Wextra"
"Compiling qspipsu"
"Running Make libs in psu_cortexa53_0/libsrc/resetps_v1_1/src"
make -C psu_cortexa53_0/libsrc/resetps_v1_1/src -s libs  "SHELL=CMD" "COMPILER=aarch64-none-elf-gcc" "ARCHIVER=aarch64-none-elf-ar" "COMPILER_FLAGS=  -O2 -c" "EXTRA_COMPILER_FLAGS=-g -Wall -Wextra"
"Compiling resetps"
"Running Make libs in psu_cortexa53_0/libsrc/rtcpsu_v1_5/src"
make -C psu_cortexa53_0/libsrc/rtcpsu_v1_5/src -s libs  "SHELL=CMD" "COMPILER=aarch64-none-elf-gcc" "ARCHIVER=aarch64-none-elf-ar" "COMPILER_FLAGS=  -O2 -c" "EXTRA_COMPILER_FLAGS=-g -Wall -Wextra"
"Compiling rtcpsu"
"Running Make libs in psu_cortexa53_0/libsrc/scugic_v3_9/src"
make -C psu_cortexa53_0/libsrc/scugic_v3_9/src -s libs  "SHELL=CMD" "COMPILER=aarch64-none-elf-gcc" "ARCHIVER=aarch64-none-elf-ar" "COMPILER_FLAGS=  -O2 -c" "EXTRA_COMPILER_FLAGS=-g -Wall -Wextra"
"Compiling scugic"
"Running Make libs in psu_cortexa53_0/libsrc/sdps_v3_5/src"
make -C psu_cortexa53_0/libsrc/sdps_v3_5/src -s libs  "SHELL=CMD" "COMPILER=aarch64-none-elf-gcc" "ARCHIVER=aarch64-none-elf-ar" "COMPILER_FLAGS=  -O2 -c" "EXTRA_COMPILER_FLAGS=-g -Wall -Wextra"
"Compiling sdps"
"Running Make libs in psu_cortexa53_0/libsrc/standalone_v6_7/src"
make -C psu_cortexa53_0/libsrc/standalone_v6_7/src -s libs  "SHELL=CMD" "COMPILER=aarch64-none-elf-gcc" "ARCHIVER=aarch64-none-elf-ar" "COMPILER_FLAGS=  -O2 -c" "EXTRA_COMPILER_FLAGS=-g -Wall -Wextra"
"Compiling standalone A53"
In file included from sleep.c:63:0:
xtime_l.h:81:9: note: #pragma message: For the sleep routines, Global timer is being used
 #pragma message ("For the sleep routines, Global timer is being used")
         ^~~~~~~
In file included from xil_sleeptimer.c:55:0:
xtime_l.h:81:9: note: #pragma message: For the sleep routines, Global timer is being used
 #pragma message ("For the sleep routines, Global timer is being used")
         ^~~~~~~
In file included from xtime_l.c:56:0:
xtime_l.h:81:9: note: #pragma message: For the sleep routines, Global timer is being used
 #pragma message ("For the sleep routines, Global timer is being used")
         ^~~~~~~
"Running Make libs in psu_cortexa53_0/libsrc/sysmon_v7_4/src"
make -C psu_cortexa53_0/libsrc/sysmon_v7_4/src -s libs  "SHELL=CMD" "COMPILER=aarch64-none-elf-gcc" "ARCHIVER=aarch64-none-elf-ar" "COMPILER_FLAGS=  -O2 -c" "EXTRA_COMPILER_FLAGS=-g -Wall -Wextra"
"Compiling sysmon"
"Running Make libs in psu_cortexa53_0/libsrc/sysmonpsu_v2_4/src"
make -C psu_cortexa53_0/libsrc/sysmonpsu_v2_4/src -s libs  "SHELL=CMD" "COMPILER=aarch64-none-elf-gcc" "ARCHIVER=aarch64-none-elf-ar" "COMPILER_FLAGS=  -O2 -c" "EXTRA_COMPILER_FLAGS=-g -Wall -Wextra"
"Compiling sysmonpsu"
"Running Make libs in psu_cortexa53_0/libsrc/ttcps_v3_6/src"
make -C psu_cortexa53_0/libsrc/ttcps_v3_6/src -s libs  "SHELL=CMD" "COMPILER=aarch64-none-elf-gcc" "ARCHIVER=aarch64-none-elf-ar" "COMPILER_FLAGS=  -O2 -c" "EXTRA_COMPILER_FLAGS=-g -Wall -Wextra"
"Compiling ttcps"
"Running Make libs in psu_cortexa53_0/libsrc/uartns550_v3_5/src"
make -C psu_cortexa53_0/libsrc/uartns550_v3_5/src -s libs  "SHELL=CMD" "COMPILER=aarch64-none-elf-gcc" "ARCHIVER=aarch64-none-elf-ar" "COMPILER_FLAGS=  -O2 -c" "EXTRA_COMPILER_FLAGS=-g -Wall -Wextra"
"Compiling uartns550"
xuartns550_g.c:53:2: warning: missing initializer for field 'DefaultBaudRate' of 'XUartNs550_Config {aka struct <anonymous>}' [-Wmissing-field-initializers]
  }
  ^
In file included from xuartns550_g.c:41:0:
xuartns550.h:323:6: note: 'DefaultBaudRate' declared here
  u32 DefaultBaudRate; /**< Baud Rate in bps, ie 1200 */
      ^~~~~~~~~~~~~~~
"Running Make libs in psu_cortexa53_0/libsrc/uartps_v3_6/src"
make -C psu_cortexa53_0/libsrc/uartps_v3_6/src -s libs  "SHELL=CMD" "COMPILER=aarch64-none-elf-gcc" "ARCHIVER=aarch64-none-elf-ar" "COMPILER_FLAGS=  -O2 -c" "EXTRA_COMPILER_FLAGS=-g -Wall -Wextra"
"Compiling uartps"
"Running Make libs in psu_cortexa53_0/libsrc/usbpsu_v1_4/src"
make -C psu_cortexa53_0/libsrc/usbpsu_v1_4/src -s libs  "SHELL=CMD" "COMPILER=aarch64-none-elf-gcc" "ARCHIVER=aarch64-none-elf-ar" "COMPILER_FLAGS=  -O2 -c" "EXTRA_COMPILER_FLAGS=-g -Wall -Wextra"
"Compiling usbpsu"
"Running Make libs in psu_cortexa53_0/libsrc/video_common_v4_4/src"
make -C psu_cortexa53_0/libsrc/video_common_v4_4/src -s libs  "SHELL=CMD" "COMPILER=aarch64-none-elf-gcc" "ARCHIVER=aarch64-none-elf-ar" "COMPILER_FLAGS=  -O2 -c" "EXTRA_COMPILER_FLAGS=-g -Wall -Wextra"
"Compiling video_common"
"Running Make libs in psu_cortexa53_0/libsrc/wdtps_v3_0/src"
make -C psu_cortexa53_0/libsrc/wdtps_v3_0/src -s libs  "SHELL=CMD" "COMPILER=aarch64-none-elf-gcc" "ARCHIVER=aarch64-none-elf-ar" "COMPILER_FLAGS=  -O2 -c" "EXTRA_COMPILER_FLAGS=-g -Wall -Wextra"
"Compiling wdtps"
"Running Make libs in psu_cortexa53_0/libsrc/zdma_v1_5/src"
make -C psu_cortexa53_0/libsrc/zdma_v1_5/src -s libs  "SHELL=CMD" "COMPILER=aarch64-none-elf-gcc" "ARCHIVER=aarch64-none-elf-ar" "COMPILER_FLAGS=  -O2 -c" "EXTRA_COMPILER_FLAGS=-g -Wall -Wextra"
"Compiling zdma"
'Finished building libraries'

**** Build of configuration Debug for project blinkbist ****

Nothing to build for project blinkbist

**** Build of configuration Debug for project ipi_app_basic ****

Nothing to build for project ipi_app_basic

**** Build of configuration Debug for project ipi_app ****

Nothing to build for project ipi_app
14:18:14 **** Build of configuration Debug for project zynq_mp_dram_test ****
make all 
'Building file: ../src/common_functions.c'
'Invoking: ARM v8 gcc compiler'
aarch64-none-elf-gcc -Wall -O0 -g3 -c -fmessage-length=0 -MT"src/common_functions.o" -I../../standalone_bsp_0/psu_cortexa53_0/include -MMD -MP -MF"src/common_functions.d" -MT"src/common_functions.o" -o "src/common_functions.o" "../src/common_functions.c"
'Finished building: ../src/common_functions.c'
' '
'Building file: ../src/memtest.c'
'Invoking: ARM v8 gcc compiler'
aarch64-none-elf-gcc -Wall -O0 -g3 -c -fmessage-length=0 -MT"src/memtest.o" -I../../standalone_bsp_0/psu_cortexa53_0/include -MMD -MP -MF"src/memtest.d" -MT"src/memtest.o" -o "src/memtest.o" "../src/memtest.c"
'Finished building: ../src/memtest.c'
' '
'Building file: ../src/platform.c'
'Invoking: ARM v8 gcc compiler'
aarch64-none-elf-gcc -Wall -O0 -g3 -c -fmessage-length=0 -MT"src/platform.o" -I../../standalone_bsp_0/psu_cortexa53_0/include -MMD -MP -MF"src/platform.d" -MT"src/platform.o" -o "src/platform.o" "../src/platform.c"
'Finished building: ../src/platform.c'
' '
'Building file: ../src/rd_eye.c'
'Invoking: ARM v8 gcc compiler'
aarch64-none-elf-gcc -Wall -O0 -g3 -c -fmessage-length=0 -MT"src/rd_eye.o" -I../../standalone_bsp_0/psu_cortexa53_0/include -MMD -MP -MF"src/rd_eye.d" -MT"src/rd_eye.o" -o "src/rd_eye.o" "../src/rd_eye.c"
'Finished building: ../src/rd_eye.c'
' '
'Building file: ../src/wr_eye.c'
'Invoking: ARM v8 gcc compiler'
aarch64-none-elf-gcc -Wall -O0 -g3 -c -fmessage-length=0 -MT"src/wr_eye.o" -I../../standalone_bsp_0/psu_cortexa53_0/include -MMD -MP -MF"src/wr_eye.d" -MT"src/wr_eye.o" -o "src/wr_eye.o" "../src/wr_eye.c"
'Finished building: ../src/wr_eye.c'
' '
'Building target: zynq_mp_dram_test.elf'
'Invoking: ARM v8 gcc linker'
aarch64-none-elf-gcc -Wl,-T -Wl,../src/lscript.ld -L../../standalone_bsp_0/psu_cortexa53_0/lib -o "zynq_mp_dram_test.elf"  ./src/common_functions.o ./src/memtest.o ./src/platform.o ./src/rd_eye.o ./src/wr_eye.o   -Wl,--start-group,-lxil,-lgcc,-lc,--end-group
'Finished building target: zynq_mp_dram_test.elf'
' '
'Invoking: ARM v8 Print Size'
aarch64-none-elf-size zynq_mp_dram_test.elf  |tee "zynq_mp_dram_test.elf.size"
   text	   data	    bss	    dec	    hex	filename
 156228	   7160	  26140	 189528	  2e458	zynq_mp_dram_test.elf
'Finished building: zynq_mp_dram_test.elf.size'
' '

**** Build of configuration Debug for project hello_rtc ****

Nothing to build for project hello_rtc
14:19:07 **** Build of project standalone_bsp_1 ****
make -k all 
"Running Make include in psu_cortexa53_0/libsrc/avbuf_v2_2/src"
make -C psu_cortexa53_0/libsrc/avbuf_v2_2/src -s include  "SHELL=CMD" "COMPILER=aarch64-none-elf-gcc" "ARCHIVER=aarch64-none-elf-ar" "COMPILER_FLAGS=  -O2 -c" "EXTRA_COMPILER_FLAGS=-g -Wall -Wextra"
"Running Make include in psu_cortexa53_0/libsrc/axipmon_v6_6/src"
make -C psu_cortexa53_0/libsrc/axipmon_v6_6/src -s include  "SHELL=CMD" "COMPILER=aarch64-none-elf-gcc" "ARCHIVER=aarch64-none-elf-ar" "COMPILER_FLAGS=  -O2 -c" "EXTRA_COMPILER_FLAGS=-g -Wall -Wextra"
"Running Make include in psu_cortexa53_0/libsrc/bram_v4_2/src"
make -C psu_cortexa53_0/libsrc/bram_v4_2/src -s include  "SHELL=CMD" "COMPILER=aarch64-none-elf-gcc" "ARCHIVER=aarch64-none-elf-ar" "COMPILER_FLAGS=  -O2 -c" "EXTRA_COMPILER_FLAGS=-g -Wall -Wextra"
"Running Make include in psu_cortexa53_0/libsrc/canps_v3_2/src"
make -C psu_cortexa53_0/libsrc/canps_v3_2/src -s include  "SHELL=CMD" "COMPILER=aarch64-none-elf-gcc" "ARCHIVER=aarch64-none-elf-ar" "COMPILER_FLAGS=  -O2 -c" "EXTRA_COMPILER_FLAGS=-g -Wall -Wextra"
"Running Make include in psu_cortexa53_0/libsrc/coresightps_dcc_v1_4/src"
make -C psu_cortexa53_0/libsrc/coresightps_dcc_v1_4/src -s include  "SHELL=CMD" "COMPILER=aarch64-none-elf-gcc" "ARCHIVER=aarch64-none-elf-ar" "COMPILER_FLAGS=  -O2 -c" "EXTRA_COMPILER_FLAGS=-g -Wall -Wextra"
"Running Make include in psu_cortexa53_0/libsrc/cpu_cortexa53_v1_5/src"
make -C psu_cortexa53_0/libsrc/cpu_cortexa53_v1_5/src -s include  "SHELL=CMD" "COMPILER=aarch64-none-elf-gcc" "ARCHIVER=aarch64-none-elf-ar" "COMPILER_FLAGS=  -O2 -c" "EXTRA_COMPILER_FLAGS=-g -Wall -Wextra"
"Running Make include in psu_cortexa53_0/libsrc/csudma_v1_2/src"
make -C psu_cortexa53_0/libsrc/csudma_v1_2/src -s include  "SHELL=CMD" "COMPILER=aarch64-none-elf-gcc" "ARCHIVER=aarch64-none-elf-ar" "COMPILER_FLAGS=  -O2 -c" "EXTRA_COMPILER_FLAGS=-g -Wall -Wextra"
"Running Make include in psu_cortexa53_0/libsrc/ddrcpsu_v1_1/src"
make -C psu_cortexa53_0/libsrc/ddrcpsu_v1_1/src -s include  "SHELL=CMD" "COMPILER=aarch64-none-elf-gcc" "ARCHIVER=aarch64-none-elf-ar" "COMPILER_FLAGS=  -O2 -c" "EXTRA_COMPILER_FLAGS=-g -Wall -Wextra"
"Running Make include in psu_cortexa53_0/libsrc/dpdma_v1_1/src"
make -C psu_cortexa53_0/libsrc/dpdma_v1_1/src -s include  "SHELL=CMD" "COMPILER=aarch64-none-elf-gcc" "ARCHIVER=aarch64-none-elf-ar" "COMPILER_FLAGS=  -O2 -c" "EXTRA_COMPILER_FLAGS=-g -Wall -Wextra"
"Running Make include in psu_cortexa53_0/libsrc/emacps_v3_7/src"
make -C psu_cortexa53_0/libsrc/emacps_v3_7/src -s include  "SHELL=CMD" "COMPILER=aarch64-none-elf-gcc" "ARCHIVER=aarch64-none-elf-ar" "COMPILER_FLAGS=  -O2 -c" "EXTRA_COMPILER_FLAGS=-g -Wall -Wextra"
"Running Make include in psu_cortexa53_0/libsrc/gpio_v4_3/src"
make -C psu_cortexa53_0/libsrc/gpio_v4_3/src -s include  "SHELL=CMD" "COMPILER=aarch64-none-elf-gcc" "ARCHIVER=aarch64-none-elf-ar" "COMPILER_FLAGS=  -O2 -c" "EXTRA_COMPILER_FLAGS=-g -Wall -Wextra"
"Running Make include in psu_cortexa53_0/libsrc/gpiops_v3_3/src"
make -C psu_cortexa53_0/libsrc/gpiops_v3_3/src -s include  "SHELL=CMD" "COMPILER=aarch64-none-elf-gcc" "ARCHIVER=aarch64-none-elf-ar" "COMPILER_FLAGS=  -O2 -c" "EXTRA_COMPILER_FLAGS=-g -Wall -Wextra"
"Running Make include in psu_cortexa53_0/libsrc/iic_v3_4/src"
make -C psu_cortexa53_0/libsrc/iic_v3_4/src -s include  "SHELL=CMD" "COMPILER=aarch64-none-elf-gcc" "ARCHIVER=aarch64-none-elf-ar" "COMPILER_FLAGS=  -O2 -c" "EXTRA_COMPILER_FLAGS=-g -Wall -Wextra"
"Running Make include in psu_cortexa53_0/libsrc/iicps_v3_7/src"
make -C psu_cortexa53_0/libsrc/iicps_v3_7/src -s include  "SHELL=CMD" "COMPILER=aarch64-none-elf-gcc" "ARCHIVER=aarch64-none-elf-ar" "COMPILER_FLAGS=  -O2 -c" "EXTRA_COMPILER_FLAGS=-g -Wall -Wextra"
"Running Make include in psu_cortexa53_0/libsrc/ipipsu_v2_3/src"
make -C psu_cortexa53_0/libsrc/ipipsu_v2_3/src -s include  "SHELL=CMD" "COMPILER=aarch64-none-elf-gcc" "ARCHIVER=aarch64-none-elf-ar" "COMPILER_FLAGS=  -O2 -c" "EXTRA_COMPILER_FLAGS=-g -Wall -Wextra"
"Running Make include in psu_cortexa53_0/libsrc/qspipsu_v1_7/src"
make -C psu_cortexa53_0/libsrc/qspipsu_v1_7/src -s include  "SHELL=CMD" "COMPILER=aarch64-none-elf-gcc" "ARCHIVER=aarch64-none-elf-ar" "COMPILER_FLAGS=  -O2 -c" "EXTRA_COMPILER_FLAGS=-g -Wall -Wextra"
"Running Make include in psu_cortexa53_0/libsrc/resetps_v1_1/src"
make -C psu_cortexa53_0/libsrc/resetps_v1_1/src -s include  "SHELL=CMD" "COMPILER=aarch64-none-elf-gcc" "ARCHIVER=aarch64-none-elf-ar" "COMPILER_FLAGS=  -O2 -c" "EXTRA_COMPILER_FLAGS=-g -Wall -Wextra"
"Running Make include in psu_cortexa53_0/libsrc/rtcpsu_v1_5/src"
make -C psu_cortexa53_0/libsrc/rtcpsu_v1_5/src -s include  "SHELL=CMD" "COMPILER=aarch64-none-elf-gcc" "ARCHIVER=aarch64-none-elf-ar" "COMPILER_FLAGS=  -O2 -c" "EXTRA_COMPILER_FLAGS=-g -Wall -Wextra"
"Running Make include in psu_cortexa53_0/libsrc/scugic_v3_9/src"
make -C psu_cortexa53_0/libsrc/scugic_v3_9/src -s include  "SHELL=CMD" "COMPILER=aarch64-none-elf-gcc" "ARCHIVER=aarch64-none-elf-ar" "COMPILER_FLAGS=  -O2 -c" "EXTRA_COMPILER_FLAGS=-g -Wall -Wextra"
"Running Make include in psu_cortexa53_0/libsrc/sdps_v3_5/src"
make -C psu_cortexa53_0/libsrc/sdps_v3_5/src -s include  "SHELL=CMD" "COMPILER=aarch64-none-elf-gcc" "ARCHIVER=aarch64-none-elf-ar" "COMPILER_FLAGS=  -O2 -c" "EXTRA_COMPILER_FLAGS=-g -Wall -Wextra"
"Running Make include in psu_cortexa53_0/libsrc/standalone_v6_7/src"
make -C psu_cortexa53_0/libsrc/standalone_v6_7/src -s include  "SHELL=CMD" "COMPILER=aarch64-none-elf-gcc" "ARCHIVER=aarch64-none-elf-ar" "COMPILER_FLAGS=  -O2 -c" "EXTRA_COMPILER_FLAGS=-g -Wall -Wextra"
"Running Make include in psu_cortexa53_0/libsrc/sysmon_v7_4/src"
make -C psu_cortexa53_0/libsrc/sysmon_v7_4/src -s include  "SHELL=CMD" "COMPILER=aarch64-none-elf-gcc" "ARCHIVER=aarch64-none-elf-ar" "COMPILER_FLAGS=  -O2 -c" "EXTRA_COMPILER_FLAGS=-g -Wall -Wextra"
"Running Make include in psu_cortexa53_0/libsrc/sysmonpsu_v2_4/src"
make -C psu_cortexa53_0/libsrc/sysmonpsu_v2_4/src -s include  "SHELL=CMD" "COMPILER=aarch64-none-elf-gcc" "ARCHIVER=aarch64-none-elf-ar" "COMPILER_FLAGS=  -O2 -c" "EXTRA_COMPILER_FLAGS=-g -Wall -Wextra"
"Running Make include in psu_cortexa53_0/libsrc/ttcps_v3_6/src"
make -C psu_cortexa53_0/libsrc/ttcps_v3_6/src -s include  "SHELL=CMD" "COMPILER=aarch64-none-elf-gcc" "ARCHIVER=aarch64-none-elf-ar" "COMPILER_FLAGS=  -O2 -c" "EXTRA_COMPILER_FLAGS=-g -Wall -Wextra"
"Running Make include in psu_cortexa53_0/libsrc/uartns550_v3_5/src"
make -C psu_cortexa53_0/libsrc/uartns550_v3_5/src -s include  "SHELL=CMD" "COMPILER=aarch64-none-elf-gcc" "ARCHIVER=aarch64-none-elf-ar" "COMPILER_FLAGS=  -O2 -c" "EXTRA_COMPILER_FLAGS=-g -Wall -Wextra"
"Running Make include in psu_cortexa53_0/libsrc/uartps_v3_6/src"
make -C psu_cortexa53_0/libsrc/uartps_v3_6/src -s include  "SHELL=CMD" "COMPILER=aarch64-none-elf-gcc" "ARCHIVER=aarch64-none-elf-ar" "COMPILER_FLAGS=  -O2 -c" "EXTRA_COMPILER_FLAGS=-g -Wall -Wextra"
"Running Make include in psu_cortexa53_0/libsrc/usbpsu_v1_4/src"
make -C psu_cortexa53_0/libsrc/usbpsu_v1_4/src -s include  "SHELL=CMD" "COMPILER=aarch64-none-elf-gcc" "ARCHIVER=aarch64-none-elf-ar" "COMPILER_FLAGS=  -O2 -c" "EXTRA_COMPILER_FLAGS=-g -Wall -Wextra"
"Running Make include in psu_cortexa53_0/libsrc/video_common_v4_4/src"
make -C psu_cortexa53_0/libsrc/video_common_v4_4/src -s include  "SHELL=CMD" "COMPILER=aarch64-none-elf-gcc" "ARCHIVER=aarch64-none-elf-ar" "COMPILER_FLAGS=  -O2 -c" "EXTRA_COMPILER_FLAGS=-g -Wall -Wextra"
"Running Make include in psu_cortexa53_0/libsrc/wdtps_v3_0/src"
make -C psu_cortexa53_0/libsrc/wdtps_v3_0/src -s include  "SHELL=CMD" "COMPILER=aarch64-none-elf-gcc" "ARCHIVER=aarch64-none-elf-ar" "COMPILER_FLAGS=  -O2 -c" "EXTRA_COMPILER_FLAGS=-g -Wall -Wextra"
"Running Make include in psu_cortexa53_0/libsrc/zdma_v1_5/src"
make -C psu_cortexa53_0/libsrc/zdma_v1_5/src -s include  "SHELL=CMD" "COMPILER=aarch64-none-elf-gcc" "ARCHIVER=aarch64-none-elf-ar" "COMPILER_FLAGS=  -O2 -c" "EXTRA_COMPILER_FLAGS=-g -Wall -Wextra"
"Running Make libs in psu_cortexa53_0/libsrc/avbuf_v2_2/src"
make -C psu_cortexa53_0/libsrc/avbuf_v2_2/src -s libs  "SHELL=CMD" "COMPILER=aarch64-none-elf-gcc" "ARCHIVER=aarch64-none-elf-ar" "COMPILER_FLAGS=  -O2 -c" "EXTRA_COMPILER_FLAGS=-g -Wall -Wextra"
"Compiling avbuf"
aarch64-none-elf-ar: creating ../../../lib/libxil.a
"Running Make libs in psu_cortexa53_0/libsrc/axipmon_v6_6/src"
make -C psu_cortexa53_0/libsrc/axipmon_v6_6/src -s libs  "SHELL=CMD" "COMPILER=aarch64-none-elf-gcc" "ARCHIVER=aarch64-none-elf-ar" "COMPILER_FLAGS=  -O2 -c" "EXTRA_COMPILER_FLAGS=-g -Wall -Wextra"
"Compiling axipmon"
"Running Make libs in psu_cortexa53_0/libsrc/bram_v4_2/src"
make -C psu_cortexa53_0/libsrc/bram_v4_2/src -s libs  "SHELL=CMD" "COMPILER=aarch64-none-elf-gcc" "ARCHIVER=aarch64-none-elf-ar" "COMPILER_FLAGS=  -O2 -c" "EXTRA_COMPILER_FLAGS=-g -Wall -Wextra"
"Compiling bram"
"Running Make libs in psu_cortexa53_0/libsrc/canps_v3_2/src"
make -C psu_cortexa53_0/libsrc/canps_v3_2/src -s libs  "SHELL=CMD" "COMPILER=aarch64-none-elf-gcc" "ARCHIVER=aarch64-none-elf-ar" "COMPILER_FLAGS=  -O2 -c" "EXTRA_COMPILER_FLAGS=-g -Wall -Wextra"
"Compiling canps"
"Running Make libs in psu_cortexa53_0/libsrc/coresightps_dcc_v1_4/src"
make -C psu_cortexa53_0/libsrc/coresightps_dcc_v1_4/src -s libs  "SHELL=CMD" "COMPILER=aarch64-none-elf-gcc" "ARCHIVER=aarch64-none-elf-ar" "COMPILER_FLAGS=  -O2 -c" "EXTRA_COMPILER_FLAGS=-g -Wall -Wextra"
"Compiling coresightps_dcc"
"Running Make libs in psu_cortexa53_0/libsrc/cpu_cortexa53_v1_5/src"
make -C psu_cortexa53_0/libsrc/cpu_cortexa53_v1_5/src -s libs  "SHELL=CMD" "COMPILER=aarch64-none-elf-gcc" "ARCHIVER=aarch64-none-elf-ar" "COMPILER_FLAGS=  -O2 -c" "EXTRA_COMPILER_FLAGS=-g -Wall -Wextra"
"Compiling cpu_cortexa53"
"Running Make libs in psu_cortexa53_0/libsrc/csudma_v1_2/src"
make -C psu_cortexa53_0/libsrc/csudma_v1_2/src -s libs  "SHELL=CMD" "COMPILER=aarch64-none-elf-gcc" "ARCHIVER=aarch64-none-elf-ar" "COMPILER_FLAGS=  -O2 -c" "EXTRA_COMPILER_FLAGS=-g -Wall -Wextra"
"Compiling csudma"
"Running Make libs in psu_cortexa53_0/libsrc/ddrcpsu_v1_1/src"
make -C psu_cortexa53_0/libsrc/ddrcpsu_v1_1/src -s libs  "SHELL=CMD" "COMPILER=aarch64-none-elf-gcc" "ARCHIVER=aarch64-none-elf-ar" "COMPILER_FLAGS=  -O2 -c" "EXTRA_COMPILER_FLAGS=-g -Wall -Wextra"
"Compiling ddrcpsu"
"Running Make libs in psu_cortexa53_0/libsrc/dpdma_v1_1/src"
make -C psu_cortexa53_0/libsrc/dpdma_v1_1/src -s libs  "SHELL=CMD" "COMPILER=aarch64-none-elf-gcc" "ARCHIVER=aarch64-none-elf-ar" "COMPILER_FLAGS=  -O2 -c" "EXTRA_COMPILER_FLAGS=-g -Wall -Wextra"
"Compiling dpdma"
"Running Make libs in psu_cortexa53_0/libsrc/emacps_v3_7/src"
make -C psu_cortexa53_0/libsrc/emacps_v3_7/src -s libs  "SHELL=CMD" "COMPILER=aarch64-none-elf-gcc" "ARCHIVER=aarch64-none-elf-ar" "COMPILER_FLAGS=  -O2 -c" "EXTRA_COMPILER_FLAGS=-g -Wall -Wextra"
"Compiling emacps"
"Running Make libs in psu_cortexa53_0/libsrc/gpio_v4_3/src"
make -C psu_cortexa53_0/libsrc/gpio_v4_3/src -s libs  "SHELL=CMD" "COMPILER=aarch64-none-elf-gcc" "ARCHIVER=aarch64-none-elf-ar" "COMPILER_FLAGS=  -O2 -c" "EXTRA_COMPILER_FLAGS=-g -Wall -Wextra"
"Compiling gpio"
"Running Make libs in psu_cortexa53_0/libsrc/gpiops_v3_3/src"
make -C psu_cortexa53_0/libsrc/gpiops_v3_3/src -s libs  "SHELL=CMD" "COMPILER=aarch64-none-elf-gcc" "ARCHIVER=aarch64-none-elf-ar" "COMPILER_FLAGS=  -O2 -c" "EXTRA_COMPILER_FLAGS=-g -Wall -Wextra"
"Compiling gpiops"
"Running Make libs in psu_cortexa53_0/libsrc/iic_v3_4/src"
make -C psu_cortexa53_0/libsrc/iic_v3_4/src -s libs  "SHELL=CMD" "COMPILER=aarch64-none-elf-gcc" "ARCHIVER=aarch64-none-elf-ar" "COMPILER_FLAGS=  -O2 -c" "EXTRA_COMPILER_FLAGS=-g -Wall -Wextra"
"Compiling iic"
"Running Make libs in psu_cortexa53_0/libsrc/iicps_v3_7/src"
make -C psu_cortexa53_0/libsrc/iicps_v3_7/src -s libs  "SHELL=CMD" "COMPILER=aarch64-none-elf-gcc" "ARCHIVER=aarch64-none-elf-ar" "COMPILER_FLAGS=  -O2 -c" "EXTRA_COMPILER_FLAGS=-g -Wall -Wextra"
"Compiling iicps"
"Running Make libs in psu_cortexa53_0/libsrc/ipipsu_v2_3/src"
make -C psu_cortexa53_0/libsrc/ipipsu_v2_3/src -s libs  "SHELL=CMD" "COMPILER=aarch64-none-elf-gcc" "ARCHIVER=aarch64-none-elf-ar" "COMPILER_FLAGS=  -O2 -c" "EXTRA_COMPILER_FLAGS=-g -Wall -Wextra"
"Compiling ipipsu"
"Running Make libs in psu_cortexa53_0/libsrc/qspipsu_v1_7/src"
make -C psu_cortexa53_0/libsrc/qspipsu_v1_7/src -s libs  "SHELL=CMD" "COMPILER=aarch64-none-elf-gcc" "ARCHIVER=aarch64-none-elf-ar" "COMPILER_FLAGS=  -O2 -c" "EXTRA_COMPILER_FLAGS=-g -Wall -Wextra"
"Compiling qspipsu"
"Running Make libs in psu_cortexa53_0/libsrc/resetps_v1_1/src"
make -C psu_cortexa53_0/libsrc/resetps_v1_1/src -s libs  "SHELL=CMD" "COMPILER=aarch64-none-elf-gcc" "ARCHIVER=aarch64-none-elf-ar" "COMPILER_FLAGS=  -O2 -c" "EXTRA_COMPILER_FLAGS=-g -Wall -Wextra"
"Compiling resetps"
"Running Make libs in psu_cortexa53_0/libsrc/rtcpsu_v1_5/src"
make -C psu_cortexa53_0/libsrc/rtcpsu_v1_5/src -s libs  "SHELL=CMD" "COMPILER=aarch64-none-elf-gcc" "ARCHIVER=aarch64-none-elf-ar" "COMPILER_FLAGS=  -O2 -c" "EXTRA_COMPILER_FLAGS=-g -Wall -Wextra"
"Compiling rtcpsu"
"Running Make libs in psu_cortexa53_0/libsrc/scugic_v3_9/src"
make -C psu_cortexa53_0/libsrc/scugic_v3_9/src -s libs  "SHELL=CMD" "COMPILER=aarch64-none-elf-gcc" "ARCHIVER=aarch64-none-elf-ar" "COMPILER_FLAGS=  -O2 -c" "EXTRA_COMPILER_FLAGS=-g -Wall -Wextra"
"Compiling scugic"
"Running Make libs in psu_cortexa53_0/libsrc/sdps_v3_5/src"
make -C psu_cortexa53_0/libsrc/sdps_v3_5/src -s libs  "SHELL=CMD" "COMPILER=aarch64-none-elf-gcc" "ARCHIVER=aarch64-none-elf-ar" "COMPILER_FLAGS=  -O2 -c" "EXTRA_COMPILER_FLAGS=-g -Wall -Wextra"
"Compiling sdps"
"Running Make libs in psu_cortexa53_0/libsrc/standalone_v6_7/src"
make -C psu_cortexa53_0/libsrc/standalone_v6_7/src -s libs  "SHELL=CMD" "COMPILER=aarch64-none-elf-gcc" "ARCHIVER=aarch64-none-elf-ar" "COMPILER_FLAGS=  -O2 -c" "EXTRA_COMPILER_FLAGS=-g -Wall -Wextra"
"Compiling standalone A53"
In file included from sleep.c:63:0:
xtime_l.h:81:9: note: #pragma message: For the sleep routines, Global timer is being used
 #pragma message ("For the sleep routines, Global timer is being used")
         ^~~~~~~
In file included from xil_sleeptimer.c:55:0:
xtime_l.h:81:9: note: #pragma message: For the sleep routines, Global timer is being used
 #pragma message ("For the sleep routines, Global timer is being used")
         ^~~~~~~
In file included from xtime_l.c:56:0:
xtime_l.h:81:9: note: #pragma message: For the sleep routines, Global timer is being used
 #pragma message ("For the sleep routines, Global timer is being used")
         ^~~~~~~
"Running Make libs in psu_cortexa53_0/libsrc/sysmon_v7_4/src"
make -C psu_cortexa53_0/libsrc/sysmon_v7_4/src -s libs  "SHELL=CMD" "COMPILER=aarch64-none-elf-gcc" "ARCHIVER=aarch64-none-elf-ar" "COMPILER_FLAGS=  -O2 -c" "EXTRA_COMPILER_FLAGS=-g -Wall -Wextra"
"Compiling sysmon"
"Running Make libs in psu_cortexa53_0/libsrc/sysmonpsu_v2_4/src"
make -C psu_cortexa53_0/libsrc/sysmonpsu_v2_4/src -s libs  "SHELL=CMD" "COMPILER=aarch64-none-elf-gcc" "ARCHIVER=aarch64-none-elf-ar" "COMPILER_FLAGS=  -O2 -c" "EXTRA_COMPILER_FLAGS=-g -Wall -Wextra"
"Compiling sysmonpsu"
"Running Make libs in psu_cortexa53_0/libsrc/ttcps_v3_6/src"
make -C psu_cortexa53_0/libsrc/ttcps_v3_6/src -s libs  "SHELL=CMD" "COMPILER=aarch64-none-elf-gcc" "ARCHIVER=aarch64-none-elf-ar" "COMPILER_FLAGS=  -O2 -c" "EXTRA_COMPILER_FLAGS=-g -Wall -Wextra"
"Compiling ttcps"
"Running Make libs in psu_cortexa53_0/libsrc/uartns550_v3_5/src"
make -C psu_cortexa53_0/libsrc/uartns550_v3_5/src -s libs  "SHELL=CMD" "COMPILER=aarch64-none-elf-gcc" "ARCHIVER=aarch64-none-elf-ar" "COMPILER_FLAGS=  -O2 -c" "EXTRA_COMPILER_FLAGS=-g -Wall -Wextra"
"Compiling uartns550"
xuartns550_g.c:53:2: warning: missing initializer for field 'DefaultBaudRate' of 'XUartNs550_Config {aka struct <anonymous>}' [-Wmissing-field-initializers]
  }
  ^
In file included from xuartns550_g.c:41:0:
xuartns550.h:323:6: note: 'DefaultBaudRate' declared here
  u32 DefaultBaudRate; /**< Baud Rate in bps, ie 1200 */
      ^~~~~~~~~~~~~~~
"Running Make libs in psu_cortexa53_0/libsrc/uartps_v3_6/src"
make -C psu_cortexa53_0/libsrc/uartps_v3_6/src -s libs  "SHELL=CMD" "COMPILER=aarch64-none-elf-gcc" "ARCHIVER=aarch64-none-elf-ar" "COMPILER_FLAGS=  -O2 -c" "EXTRA_COMPILER_FLAGS=-g -Wall -Wextra"
"Compiling uartps"
"Running Make libs in psu_cortexa53_0/libsrc/usbpsu_v1_4/src"
make -C psu_cortexa53_0/libsrc/usbpsu_v1_4/src -s libs  "SHELL=CMD" "COMPILER=aarch64-none-elf-gcc" "ARCHIVER=aarch64-none-elf-ar" "COMPILER_FLAGS=  -O2 -c" "EXTRA_COMPILER_FLAGS=-g -Wall -Wextra"
"Compiling usbpsu"
"Running Make libs in psu_cortexa53_0/libsrc/video_common_v4_4/src"
make -C psu_cortexa53_0/libsrc/video_common_v4_4/src -s libs  "SHELL=CMD" "COMPILER=aarch64-none-elf-gcc" "ARCHIVER=aarch64-none-elf-ar" "COMPILER_FLAGS=  -O2 -c" "EXTRA_COMPILER_FLAGS=-g -Wall -Wextra"
"Compiling video_common"
"Running Make libs in psu_cortexa53_0/libsrc/wdtps_v3_0/src"
make -C psu_cortexa53_0/libsrc/wdtps_v3_0/src -s libs  "SHELL=CMD" "COMPILER=aarch64-none-elf-gcc" "ARCHIVER=aarch64-none-elf-ar" "COMPILER_FLAGS=  -O2 -c" "EXTRA_COMPILER_FLAGS=-g -Wall -Wextra"
"Compiling wdtps"
"Running Make libs in psu_cortexa53_0/libsrc/zdma_v1_5/src"
make -C psu_cortexa53_0/libsrc/zdma_v1_5/src -s libs  "SHELL=CMD" "COMPILER=aarch64-none-elf-gcc" "ARCHIVER=aarch64-none-elf-ar" "COMPILER_FLAGS=  -O2 -c" "EXTRA_COMPILER_FLAGS=-g -Wall -Wextra"
"Compiling zdma"
'Finished building libraries'

**** Build of configuration Debug for project hello_uart_1 ****

Nothing to build for project hello_uart_1
09:38:00 **** Build of project standalone_bsp_2 ****
make -k all 
"Running Make include in psu_cortexa53_0/libsrc/avbuf_v2_2/src"
make -C psu_cortexa53_0/libsrc/avbuf_v2_2/src -s include  "SHELL=CMD" "COMPILER=aarch64-none-elf-gcc" "ARCHIVER=aarch64-none-elf-ar" "COMPILER_FLAGS=  -O2 -c" "EXTRA_COMPILER_FLAGS=-g -Wall -Wextra"
"Running Make include in psu_cortexa53_0/libsrc/axipmon_v6_6/src"
make -C psu_cortexa53_0/libsrc/axipmon_v6_6/src -s include  "SHELL=CMD" "COMPILER=aarch64-none-elf-gcc" "ARCHIVER=aarch64-none-elf-ar" "COMPILER_FLAGS=  -O2 -c" "EXTRA_COMPILER_FLAGS=-g -Wall -Wextra"
"Running Make include in psu_cortexa53_0/libsrc/bram_v4_2/src"
make -C psu_cortexa53_0/libsrc/bram_v4_2/src -s include  "SHELL=CMD" "COMPILER=aarch64-none-elf-gcc" "ARCHIVER=aarch64-none-elf-ar" "COMPILER_FLAGS=  -O2 -c" "EXTRA_COMPILER_FLAGS=-g -Wall -Wextra"
"Running Make include in psu_cortexa53_0/libsrc/canps_v3_2/src"
make -C psu_cortexa53_0/libsrc/canps_v3_2/src -s include  "SHELL=CMD" "COMPILER=aarch64-none-elf-gcc" "ARCHIVER=aarch64-none-elf-ar" "COMPILER_FLAGS=  -O2 -c" "EXTRA_COMPILER_FLAGS=-g -Wall -Wextra"
"Running Make include in psu_cortexa53_0/libsrc/coresightps_dcc_v1_4/src"
make -C psu_cortexa53_0/libsrc/coresightps_dcc_v1_4/src -s include  "SHELL=CMD" "COMPILER=aarch64-none-elf-gcc" "ARCHIVER=aarch64-none-elf-ar" "COMPILER_FLAGS=  -O2 -c" "EXTRA_COMPILER_FLAGS=-g -Wall -Wextra"
"Running Make include in psu_cortexa53_0/libsrc/cpu_cortexa53_v1_5/src"
make -C psu_cortexa53_0/libsrc/cpu_cortexa53_v1_5/src -s include  "SHELL=CMD" "COMPILER=aarch64-none-elf-gcc" "ARCHIVER=aarch64-none-elf-ar" "COMPILER_FLAGS=  -O2 -c" "EXTRA_COMPILER_FLAGS=-g -Wall -Wextra"
"Running Make include in psu_cortexa53_0/libsrc/csudma_v1_2/src"
make -C psu_cortexa53_0/libsrc/csudma_v1_2/src -s include  "SHELL=CMD" "COMPILER=aarch64-none-elf-gcc" "ARCHIVER=aarch64-none-elf-ar" "COMPILER_FLAGS=  -O2 -c" "EXTRA_COMPILER_FLAGS=-g -Wall -Wextra"
"Running Make include in psu_cortexa53_0/libsrc/ddrcpsu_v1_1/src"
make -C psu_cortexa53_0/libsrc/ddrcpsu_v1_1/src -s include  "SHELL=CMD" "COMPILER=aarch64-none-elf-gcc" "ARCHIVER=aarch64-none-elf-ar" "COMPILER_FLAGS=  -O2 -c" "EXTRA_COMPILER_FLAGS=-g -Wall -Wextra"
"Running Make include in psu_cortexa53_0/libsrc/dpdma_v1_1/src"
make -C psu_cortexa53_0/libsrc/dpdma_v1_1/src -s include  "SHELL=CMD" "COMPILER=aarch64-none-elf-gcc" "ARCHIVER=aarch64-none-elf-ar" "COMPILER_FLAGS=  -O2 -c" "EXTRA_COMPILER_FLAGS=-g -Wall -Wextra"
"Running Make include in psu_cortexa53_0/libsrc/emacps_v3_7/src"
make -C psu_cortexa53_0/libsrc/emacps_v3_7/src -s include  "SHELL=CMD" "COMPILER=aarch64-none-elf-gcc" "ARCHIVER=aarch64-none-elf-ar" "COMPILER_FLAGS=  -O2 -c" "EXTRA_COMPILER_FLAGS=-g -Wall -Wextra"
"Running Make include in psu_cortexa53_0/libsrc/gpio_v4_3/src"
make -C psu_cortexa53_0/libsrc/gpio_v4_3/src -s include  "SHELL=CMD" "COMPILER=aarch64-none-elf-gcc" "ARCHIVER=aarch64-none-elf-ar" "COMPILER_FLAGS=  -O2 -c" "EXTRA_COMPILER_FLAGS=-g -Wall -Wextra"
"Running Make include in psu_cortexa53_0/libsrc/gpiops_v3_3/src"
make -C psu_cortexa53_0/libsrc/gpiops_v3_3/src -s include  "SHELL=CMD" "COMPILER=aarch64-none-elf-gcc" "ARCHIVER=aarch64-none-elf-ar" "COMPILER_FLAGS=  -O2 -c" "EXTRA_COMPILER_FLAGS=-g -Wall -Wextra"
"Running Make include in psu_cortexa53_0/libsrc/iic_v3_4/src"
make -C psu_cortexa53_0/libsrc/iic_v3_4/src -s include  "SHELL=CMD" "COMPILER=aarch64-none-elf-gcc" "ARCHIVER=aarch64-none-elf-ar" "COMPILER_FLAGS=  -O2 -c" "EXTRA_COMPILER_FLAGS=-g -Wall -Wextra"
"Running Make include in psu_cortexa53_0/libsrc/iicps_v3_7/src"
make -C psu_cortexa53_0/libsrc/iicps_v3_7/src -s include  "SHELL=CMD" "COMPILER=aarch64-none-elf-gcc" "ARCHIVER=aarch64-none-elf-ar" "COMPILER_FLAGS=  -O2 -c" "EXTRA_COMPILER_FLAGS=-g -Wall -Wextra"
"Running Make include in psu_cortexa53_0/libsrc/ipipsu_v2_3/src"
make -C psu_cortexa53_0/libsrc/ipipsu_v2_3/src -s include  "SHELL=CMD" "COMPILER=aarch64-none-elf-gcc" "ARCHIVER=aarch64-none-elf-ar" "COMPILER_FLAGS=  -O2 -c" "EXTRA_COMPILER_FLAGS=-g -Wall -Wextra"
"Running Make include in psu_cortexa53_0/libsrc/qspipsu_v1_7/src"
make -C psu_cortexa53_0/libsrc/qspipsu_v1_7/src -s include  "SHELL=CMD" "COMPILER=aarch64-none-elf-gcc" "ARCHIVER=aarch64-none-elf-ar" "COMPILER_FLAGS=  -O2 -c" "EXTRA_COMPILER_FLAGS=-g -Wall -Wextra"
"Running Make include in psu_cortexa53_0/libsrc/resetps_v1_1/src"
make -C psu_cortexa53_0/libsrc/resetps_v1_1/src -s include  "SHELL=CMD" "COMPILER=aarch64-none-elf-gcc" "ARCHIVER=aarch64-none-elf-ar" "COMPILER_FLAGS=  -O2 -c" "EXTRA_COMPILER_FLAGS=-g -Wall -Wextra"
"Running Make include in psu_cortexa53_0/libsrc/rtcpsu_v1_5/src"
make -C psu_cortexa53_0/libsrc/rtcpsu_v1_5/src -s include  "SHELL=CMD" "COMPILER=aarch64-none-elf-gcc" "ARCHIVER=aarch64-none-elf-ar" "COMPILER_FLAGS=  -O2 -c" "EXTRA_COMPILER_FLAGS=-g -Wall -Wextra"
"Running Make include in psu_cortexa53_0/libsrc/scugic_v3_9/src"
make -C psu_cortexa53_0/libsrc/scugic_v3_9/src -s include  "SHELL=CMD" "COMPILER=aarch64-none-elf-gcc" "ARCHIVER=aarch64-none-elf-ar" "COMPILER_FLAGS=  -O2 -c" "EXTRA_COMPILER_FLAGS=-g -Wall -Wextra"
"Running Make include in psu_cortexa53_0/libsrc/sdps_v3_5/src"
make -C psu_cortexa53_0/libsrc/sdps_v3_5/src -s include  "SHELL=CMD" "COMPILER=aarch64-none-elf-gcc" "ARCHIVER=aarch64-none-elf-ar" "COMPILER_FLAGS=  -O2 -c" "EXTRA_COMPILER_FLAGS=-g -Wall -Wextra"
"Running Make include in psu_cortexa53_0/libsrc/standalone_v6_7/src"
make -C psu_cortexa53_0/libsrc/standalone_v6_7/src -s include  "SHELL=CMD" "COMPILER=aarch64-none-elf-gcc" "ARCHIVER=aarch64-none-elf-ar" "COMPILER_FLAGS=  -O2 -c" "EXTRA_COMPILER_FLAGS=-g -Wall -Wextra"
"Running Make include in psu_cortexa53_0/libsrc/sysmon_v7_4/src"
make -C psu_cortexa53_0/libsrc/sysmon_v7_4/src -s include  "SHELL=CMD" "COMPILER=aarch64-none-elf-gcc" "ARCHIVER=aarch64-none-elf-ar" "COMPILER_FLAGS=  -O2 -c" "EXTRA_COMPILER_FLAGS=-g -Wall -Wextra"
"Running Make include in psu_cortexa53_0/libsrc/sysmonpsu_v2_4/src"
make -C psu_cortexa53_0/libsrc/sysmonpsu_v2_4/src -s include  "SHELL=CMD" "COMPILER=aarch64-none-elf-gcc" "ARCHIVER=aarch64-none-elf-ar" "COMPILER_FLAGS=  -O2 -c" "EXTRA_COMPILER_FLAGS=-g -Wall -Wextra"
"Running Make include in psu_cortexa53_0/libsrc/ttcps_v3_6/src"
make -C psu_cortexa53_0/libsrc/ttcps_v3_6/src -s include  "SHELL=CMD" "COMPILER=aarch64-none-elf-gcc" "ARCHIVER=aarch64-none-elf-ar" "COMPILER_FLAGS=  -O2 -c" "EXTRA_COMPILER_FLAGS=-g -Wall -Wextra"
"Running Make include in psu_cortexa53_0/libsrc/uartns550_v3_5/src"
make -C psu_cortexa53_0/libsrc/uartns550_v3_5/src -s include  "SHELL=CMD" "COMPILER=aarch64-none-elf-gcc" "ARCHIVER=aarch64-none-elf-ar" "COMPILER_FLAGS=  -O2 -c" "EXTRA_COMPILER_FLAGS=-g -Wall -Wextra"
"Running Make include in psu_cortexa53_0/libsrc/uartps_v3_6/src"
make -C psu_cortexa53_0/libsrc/uartps_v3_6/src -s include  "SHELL=CMD" "COMPILER=aarch64-none-elf-gcc" "ARCHIVER=aarch64-none-elf-ar" "COMPILER_FLAGS=  -O2 -c" "EXTRA_COMPILER_FLAGS=-g -Wall -Wextra"
"Running Make include in psu_cortexa53_0/libsrc/usbpsu_v1_4/src"
make -C psu_cortexa53_0/libsrc/usbpsu_v1_4/src -s include  "SHELL=CMD" "COMPILER=aarch64-none-elf-gcc" "ARCHIVER=aarch64-none-elf-ar" "COMPILER_FLAGS=  -O2 -c" "EXTRA_COMPILER_FLAGS=-g -Wall -Wextra"
"Running Make include in psu_cortexa53_0/libsrc/video_common_v4_4/src"
make -C psu_cortexa53_0/libsrc/video_common_v4_4/src -s include  "SHELL=CMD" "COMPILER=aarch64-none-elf-gcc" "ARCHIVER=aarch64-none-elf-ar" "COMPILER_FLAGS=  -O2 -c" "EXTRA_COMPILER_FLAGS=-g -Wall -Wextra"
"Running Make include in psu_cortexa53_0/libsrc/wdtps_v3_0/src"
make -C psu_cortexa53_0/libsrc/wdtps_v3_0/src -s include  "SHELL=CMD" "COMPILER=aarch64-none-elf-gcc" "ARCHIVER=aarch64-none-elf-ar" "COMPILER_FLAGS=  -O2 -c" "EXTRA_COMPILER_FLAGS=-g -Wall -Wextra"
"Running Make include in psu_cortexa53_0/libsrc/zdma_v1_5/src"
make -C psu_cortexa53_0/libsrc/zdma_v1_5/src -s include  "SHELL=CMD" "COMPILER=aarch64-none-elf-gcc" "ARCHIVER=aarch64-none-elf-ar" "COMPILER_FLAGS=  -O2 -c" "EXTRA_COMPILER_FLAGS=-g -Wall -Wextra"
"Running Make libs in psu_cortexa53_0/libsrc/avbuf_v2_2/src"
make -C psu_cortexa53_0/libsrc/avbuf_v2_2/src -s libs  "SHELL=CMD" "COMPILER=aarch64-none-elf-gcc" "ARCHIVER=aarch64-none-elf-ar" "COMPILER_FLAGS=  -O2 -c" "EXTRA_COMPILER_FLAGS=-g -Wall -Wextra"
"Compiling avbuf"
aarch64-none-elf-ar: creating ../../../lib/libxil.a
"Running Make libs in psu_cortexa53_0/libsrc/axipmon_v6_6/src"
make -C psu_cortexa53_0/libsrc/axipmon_v6_6/src -s libs  "SHELL=CMD" "COMPILER=aarch64-none-elf-gcc" "ARCHIVER=aarch64-none-elf-ar" "COMPILER_FLAGS=  -O2 -c" "EXTRA_COMPILER_FLAGS=-g -Wall -Wextra"
"Compiling axipmon"
"Running Make libs in psu_cortexa53_0/libsrc/bram_v4_2/src"
make -C psu_cortexa53_0/libsrc/bram_v4_2/src -s libs  "SHELL=CMD" "COMPILER=aarch64-none-elf-gcc" "ARCHIVER=aarch64-none-elf-ar" "COMPILER_FLAGS=  -O2 -c" "EXTRA_COMPILER_FLAGS=-g -Wall -Wextra"
"Compiling bram"
"Running Make libs in psu_cortexa53_0/libsrc/canps_v3_2/src"
make -C psu_cortexa53_0/libsrc/canps_v3_2/src -s libs  "SHELL=CMD" "COMPILER=aarch64-none-elf-gcc" "ARCHIVER=aarch64-none-elf-ar" "COMPILER_FLAGS=  -O2 -c" "EXTRA_COMPILER_FLAGS=-g -Wall -Wextra"
"Compiling canps"
"Running Make libs in psu_cortexa53_0/libsrc/coresightps_dcc_v1_4/src"
make -C psu_cortexa53_0/libsrc/coresightps_dcc_v1_4/src -s libs  "SHELL=CMD" "COMPILER=aarch64-none-elf-gcc" "ARCHIVER=aarch64-none-elf-ar" "COMPILER_FLAGS=  -O2 -c" "EXTRA_COMPILER_FLAGS=-g -Wall -Wextra"
"Compiling coresightps_dcc"
"Running Make libs in psu_cortexa53_0/libsrc/cpu_cortexa53_v1_5/src"
make -C psu_cortexa53_0/libsrc/cpu_cortexa53_v1_5/src -s libs  "SHELL=CMD" "COMPILER=aarch64-none-elf-gcc" "ARCHIVER=aarch64-none-elf-ar" "COMPILER_FLAGS=  -O2 -c" "EXTRA_COMPILER_FLAGS=-g -Wall -Wextra"
"Compiling cpu_cortexa53"
"Running Make libs in psu_cortexa53_0/libsrc/csudma_v1_2/src"
make -C psu_cortexa53_0/libsrc/csudma_v1_2/src -s libs  "SHELL=CMD" "COMPILER=aarch64-none-elf-gcc" "ARCHIVER=aarch64-none-elf-ar" "COMPILER_FLAGS=  -O2 -c" "EXTRA_COMPILER_FLAGS=-g -Wall -Wextra"
"Compiling csudma"
"Running Make libs in psu_cortexa53_0/libsrc/ddrcpsu_v1_1/src"
make -C psu_cortexa53_0/libsrc/ddrcpsu_v1_1/src -s libs  "SHELL=CMD" "COMPILER=aarch64-none-elf-gcc" "ARCHIVER=aarch64-none-elf-ar" "COMPILER_FLAGS=  -O2 -c" "EXTRA_COMPILER_FLAGS=-g -Wall -Wextra"
"Compiling ddrcpsu"
"Running Make libs in psu_cortexa53_0/libsrc/dpdma_v1_1/src"
make -C psu_cortexa53_0/libsrc/dpdma_v1_1/src -s libs  "SHELL=CMD" "COMPILER=aarch64-none-elf-gcc" "ARCHIVER=aarch64-none-elf-ar" "COMPILER_FLAGS=  -O2 -c" "EXTRA_COMPILER_FLAGS=-g -Wall -Wextra"
"Compiling dpdma"
"Running Make libs in psu_cortexa53_0/libsrc/emacps_v3_7/src"
make -C psu_cortexa53_0/libsrc/emacps_v3_7/src -s libs  "SHELL=CMD" "COMPILER=aarch64-none-elf-gcc" "ARCHIVER=aarch64-none-elf-ar" "COMPILER_FLAGS=  -O2 -c" "EXTRA_COMPILER_FLAGS=-g -Wall -Wextra"
"Compiling emacps"
"Running Make libs in psu_cortexa53_0/libsrc/gpio_v4_3/src"
make -C psu_cortexa53_0/libsrc/gpio_v4_3/src -s libs  "SHELL=CMD" "COMPILER=aarch64-none-elf-gcc" "ARCHIVER=aarch64-none-elf-ar" "COMPILER_FLAGS=  -O2 -c" "EXTRA_COMPILER_FLAGS=-g -Wall -Wextra"
"Compiling gpio"
"Running Make libs in psu_cortexa53_0/libsrc/gpiops_v3_3/src"
make -C psu_cortexa53_0/libsrc/gpiops_v3_3/src -s libs  "SHELL=CMD" "COMPILER=aarch64-none-elf-gcc" "ARCHIVER=aarch64-none-elf-ar" "COMPILER_FLAGS=  -O2 -c" "EXTRA_COMPILER_FLAGS=-g -Wall -Wextra"
"Compiling gpiops"
"Running Make libs in psu_cortexa53_0/libsrc/iic_v3_4/src"
make -C psu_cortexa53_0/libsrc/iic_v3_4/src -s libs  "SHELL=CMD" "COMPILER=aarch64-none-elf-gcc" "ARCHIVER=aarch64-none-elf-ar" "COMPILER_FLAGS=  -O2 -c" "EXTRA_COMPILER_FLAGS=-g -Wall -Wextra"
"Compiling iic"
"Running Make libs in psu_cortexa53_0/libsrc/iicps_v3_7/src"
make -C psu_cortexa53_0/libsrc/iicps_v3_7/src -s libs  "SHELL=CMD" "COMPILER=aarch64-none-elf-gcc" "ARCHIVER=aarch64-none-elf-ar" "COMPILER_FLAGS=  -O2 -c" "EXTRA_COMPILER_FLAGS=-g -Wall -Wextra"
"Compiling iicps"
"Running Make libs in psu_cortexa53_0/libsrc/ipipsu_v2_3/src"
make -C psu_cortexa53_0/libsrc/ipipsu_v2_3/src -s libs  "SHELL=CMD" "COMPILER=aarch64-none-elf-gcc" "ARCHIVER=aarch64-none-elf-ar" "COMPILER_FLAGS=  -O2 -c" "EXTRA_COMPILER_FLAGS=-g -Wall -Wextra"
"Compiling ipipsu"
"Running Make libs in psu_cortexa53_0/libsrc/qspipsu_v1_7/src"
make -C psu_cortexa53_0/libsrc/qspipsu_v1_7/src -s libs  "SHELL=CMD" "COMPILER=aarch64-none-elf-gcc" "ARCHIVER=aarch64-none-elf-ar" "COMPILER_FLAGS=  -O2 -c" "EXTRA_COMPILER_FLAGS=-g -Wall -Wextra"
"Compiling qspipsu"
"Running Make libs in psu_cortexa53_0/libsrc/resetps_v1_1/src"
make -C psu_cortexa53_0/libsrc/resetps_v1_1/src -s libs  "SHELL=CMD" "COMPILER=aarch64-none-elf-gcc" "ARCHIVER=aarch64-none-elf-ar" "COMPILER_FLAGS=  -O2 -c" "EXTRA_COMPILER_FLAGS=-g -Wall -Wextra"
"Compiling resetps"
"Running Make libs in psu_cortexa53_0/libsrc/rtcpsu_v1_5/src"
make -C psu_cortexa53_0/libsrc/rtcpsu_v1_5/src -s libs  "SHELL=CMD" "COMPILER=aarch64-none-elf-gcc" "ARCHIVER=aarch64-none-elf-ar" "COMPILER_FLAGS=  -O2 -c" "EXTRA_COMPILER_FLAGS=-g -Wall -Wextra"
"Compiling rtcpsu"
"Running Make libs in psu_cortexa53_0/libsrc/scugic_v3_9/src"
make -C psu_cortexa53_0/libsrc/scugic_v3_9/src -s libs  "SHELL=CMD" "COMPILER=aarch64-none-elf-gcc" "ARCHIVER=aarch64-none-elf-ar" "COMPILER_FLAGS=  -O2 -c" "EXTRA_COMPILER_FLAGS=-g -Wall -Wextra"
"Compiling scugic"
"Running Make libs in psu_cortexa53_0/libsrc/sdps_v3_5/src"
make -C psu_cortexa53_0/libsrc/sdps_v3_5/src -s libs  "SHELL=CMD" "COMPILER=aarch64-none-elf-gcc" "ARCHIVER=aarch64-none-elf-ar" "COMPILER_FLAGS=  -O2 -c" "EXTRA_COMPILER_FLAGS=-g -Wall -Wextra"
"Compiling sdps"
"Running Make libs in psu_cortexa53_0/libsrc/standalone_v6_7/src"
make -C psu_cortexa53_0/libsrc/standalone_v6_7/src -s libs  "SHELL=CMD" "COMPILER=aarch64-none-elf-gcc" "ARCHIVER=aarch64-none-elf-ar" "COMPILER_FLAGS=  -O2 -c" "EXTRA_COMPILER_FLAGS=-g -Wall -Wextra"
"Compiling standalone A53"
In file included from sleep.c:63:0:
xtime_l.h:81:9: note: #pragma message: For the sleep routines, Global timer is being used
 #pragma message ("For the sleep routines, Global timer is being used")
         ^~~~~~~
In file included from xil_sleeptimer.c:55:0:
xtime_l.h:81:9: note: #pragma message: For the sleep routines, Global timer is being used
 #pragma message ("For the sleep routines, Global timer is being used")
         ^~~~~~~
In file included from xtime_l.c:56:0:
xtime_l.h:81:9: note: #pragma message: For the sleep routines, Global timer is being used
 #pragma message ("For the sleep routines, Global timer is being used")
         ^~~~~~~
"Running Make libs in psu_cortexa53_0/libsrc/sysmon_v7_4/src"
make -C psu_cortexa53_0/libsrc/sysmon_v7_4/src -s libs  "SHELL=CMD" "COMPILER=aarch64-none-elf-gcc" "ARCHIVER=aarch64-none-elf-ar" "COMPILER_FLAGS=  -O2 -c" "EXTRA_COMPILER_FLAGS=-g -Wall -Wextra"
"Compiling sysmon"
"Running Make libs in psu_cortexa53_0/libsrc/sysmonpsu_v2_4/src"
make -C psu_cortexa53_0/libsrc/sysmonpsu_v2_4/src -s libs  "SHELL=CMD" "COMPILER=aarch64-none-elf-gcc" "ARCHIVER=aarch64-none-elf-ar" "COMPILER_FLAGS=  -O2 -c" "EXTRA_COMPILER_FLAGS=-g -Wall -Wextra"
"Compiling sysmonpsu"
"Running Make libs in psu_cortexa53_0/libsrc/ttcps_v3_6/src"
make -C psu_cortexa53_0/libsrc/ttcps_v3_6/src -s libs  "SHELL=CMD" "COMPILER=aarch64-none-elf-gcc" "ARCHIVER=aarch64-none-elf-ar" "COMPILER_FLAGS=  -O2 -c" "EXTRA_COMPILER_FLAGS=-g -Wall -Wextra"
"Compiling ttcps"
"Running Make libs in psu_cortexa53_0/libsrc/uartns550_v3_5/src"
make -C psu_cortexa53_0/libsrc/uartns550_v3_5/src -s libs  "SHELL=CMD" "COMPILER=aarch64-none-elf-gcc" "ARCHIVER=aarch64-none-elf-ar" "COMPILER_FLAGS=  -O2 -c" "EXTRA_COMPILER_FLAGS=-g -Wall -Wextra"
"Compiling uartns550"
xuartns550_g.c:53:2: warning: missing initializer for field 'DefaultBaudRate' of 'XUartNs550_Config {aka struct <anonymous>}' [-Wmissing-field-initializers]
  }
  ^
In file included from xuartns550_g.c:41:0:
xuartns550.h:323:6: note: 'DefaultBaudRate' declared here
  u32 DefaultBaudRate; /**< Baud Rate in bps, ie 1200 */
      ^~~~~~~~~~~~~~~
"Running Make libs in psu_cortexa53_0/libsrc/uartps_v3_6/src"
make -C psu_cortexa53_0/libsrc/uartps_v3_6/src -s libs  "SHELL=CMD" "COMPILER=aarch64-none-elf-gcc" "ARCHIVER=aarch64-none-elf-ar" "COMPILER_FLAGS=  -O2 -c" "EXTRA_COMPILER_FLAGS=-g -Wall -Wextra"
"Compiling uartps"
"Running Make libs in psu_cortexa53_0/libsrc/usbpsu_v1_4/src"
make -C psu_cortexa53_0/libsrc/usbpsu_v1_4/src -s libs  "SHELL=CMD" "COMPILER=aarch64-none-elf-gcc" "ARCHIVER=aarch64-none-elf-ar" "COMPILER_FLAGS=  -O2 -c" "EXTRA_COMPILER_FLAGS=-g -Wall -Wextra"
"Compiling usbpsu"
"Running Make libs in psu_cortexa53_0/libsrc/video_common_v4_4/src"
make -C psu_cortexa53_0/libsrc/video_common_v4_4/src -s libs  "SHELL=CMD" "COMPILER=aarch64-none-elf-gcc" "ARCHIVER=aarch64-none-elf-ar" "COMPILER_FLAGS=  -O2 -c" "EXTRA_COMPILER_FLAGS=-g -Wall -Wextra"
"Compiling video_common"
"Running Make libs in psu_cortexa53_0/libsrc/wdtps_v3_0/src"
make -C psu_cortexa53_0/libsrc/wdtps_v3_0/src -s libs  "SHELL=CMD" "COMPILER=aarch64-none-elf-gcc" "ARCHIVER=aarch64-none-elf-ar" "COMPILER_FLAGS=  -O2 -c" "EXTRA_COMPILER_FLAGS=-g -Wall -Wextra"
"Compiling wdtps"
"Running Make libs in psu_cortexa53_0/libsrc/zdma_v1_5/src"
make -C psu_cortexa53_0/libsrc/zdma_v1_5/src -s libs  "SHELL=CMD" "COMPILER=aarch64-none-elf-gcc" "ARCHIVER=aarch64-none-elf-ar" "COMPILER_FLAGS=  -O2 -c" "EXTRA_COMPILER_FLAGS=-g -Wall -Wextra"
"Compiling zdma"
'Finished building libraries'

**** Build of configuration Debug for project hello_uart_2 ****

Nothing to build for project hello_uart_2
13:32:01 **** Build of project lwip_echo_server_bsp ****
make -k all 
"Running Make include in psu_cortexa53_0/libsrc/avbuf_v2_2/src"
make -C psu_cortexa53_0/libsrc/avbuf_v2_2/src -s include  "SHELL=CMD" "COMPILER=aarch64-none-elf-gcc" "ARCHIVER=aarch64-none-elf-ar" "COMPILER_FLAGS=  -O2 -c" "EXTRA_COMPILER_FLAGS=-g -Wall -Wextra"
"Running Make include in psu_cortexa53_0/libsrc/axipmon_v6_6/src"
make -C psu_cortexa53_0/libsrc/axipmon_v6_6/src -s include  "SHELL=CMD" "COMPILER=aarch64-none-elf-gcc" "ARCHIVER=aarch64-none-elf-ar" "COMPILER_FLAGS=  -O2 -c" "EXTRA_COMPILER_FLAGS=-g -Wall -Wextra"
"Running Make include in psu_cortexa53_0/libsrc/bram_v4_2/src"
make -C psu_cortexa53_0/libsrc/bram_v4_2/src -s include  "SHELL=CMD" "COMPILER=aarch64-none-elf-gcc" "ARCHIVER=aarch64-none-elf-ar" "COMPILER_FLAGS=  -O2 -c" "EXTRA_COMPILER_FLAGS=-g -Wall -Wextra"
"Running Make include in psu_cortexa53_0/libsrc/canps_v3_2/src"
make -C psu_cortexa53_0/libsrc/canps_v3_2/src -s include  "SHELL=CMD" "COMPILER=aarch64-none-elf-gcc" "ARCHIVER=aarch64-none-elf-ar" "COMPILER_FLAGS=  -O2 -c" "EXTRA_COMPILER_FLAGS=-g -Wall -Wextra"
"Running Make include in psu_cortexa53_0/libsrc/coresightps_dcc_v1_4/src"
make -C psu_cortexa53_0/libsrc/coresightps_dcc_v1_4/src -s include  "SHELL=CMD" "COMPILER=aarch64-none-elf-gcc" "ARCHIVER=aarch64-none-elf-ar" "COMPILER_FLAGS=  -O2 -c" "EXTRA_COMPILER_FLAGS=-g -Wall -Wextra"
"Running Make include in psu_cortexa53_0/libsrc/cpu_cortexa53_v1_5/src"
make -C psu_cortexa53_0/libsrc/cpu_cortexa53_v1_5/src -s include  "SHELL=CMD" "COMPILER=aarch64-none-elf-gcc" "ARCHIVER=aarch64-none-elf-ar" "COMPILER_FLAGS=  -O2 -c" "EXTRA_COMPILER_FLAGS=-g -Wall -Wextra"
"Running Make include in psu_cortexa53_0/libsrc/csudma_v1_2/src"
make -C psu_cortexa53_0/libsrc/csudma_v1_2/src -s include  "SHELL=CMD" "COMPILER=aarch64-none-elf-gcc" "ARCHIVER=aarch64-none-elf-ar" "COMPILER_FLAGS=  -O2 -c" "EXTRA_COMPILER_FLAGS=-g -Wall -Wextra"
"Running Make include in psu_cortexa53_0/libsrc/ddrcpsu_v1_1/src"
make -C psu_cortexa53_0/libsrc/ddrcpsu_v1_1/src -s include  "SHELL=CMD" "COMPILER=aarch64-none-elf-gcc" "ARCHIVER=aarch64-none-elf-ar" "COMPILER_FLAGS=  -O2 -c" "EXTRA_COMPILER_FLAGS=-g -Wall -Wextra"
"Running Make include in psu_cortexa53_0/libsrc/dpdma_v1_1/src"
make -C psu_cortexa53_0/libsrc/dpdma_v1_1/src -s include  "SHELL=CMD" "COMPILER=aarch64-none-elf-gcc" "ARCHIVER=aarch64-none-elf-ar" "COMPILER_FLAGS=  -O2 -c" "EXTRA_COMPILER_FLAGS=-g -Wall -Wextra"
"Running Make include in psu_cortexa53_0/libsrc/emacps_v3_7/src"
make -C psu_cortexa53_0/libsrc/emacps_v3_7/src -s include  "SHELL=CMD" "COMPILER=aarch64-none-elf-gcc" "ARCHIVER=aarch64-none-elf-ar" "COMPILER_FLAGS=  -O2 -c" "EXTRA_COMPILER_FLAGS=-g -Wall -Wextra"
"Running Make include in psu_cortexa53_0/libsrc/gpio_v4_3/src"
make -C psu_cortexa53_0/libsrc/gpio_v4_3/src -s include  "SHELL=CMD" "COMPILER=aarch64-none-elf-gcc" "ARCHIVER=aarch64-none-elf-ar" "COMPILER_FLAGS=  -O2 -c" "EXTRA_COMPILER_FLAGS=-g -Wall -Wextra"
"Running Make include in psu_cortexa53_0/libsrc/gpiops_v3_3/src"
make -C psu_cortexa53_0/libsrc/gpiops_v3_3/src -s include  "SHELL=CMD" "COMPILER=aarch64-none-elf-gcc" "ARCHIVER=aarch64-none-elf-ar" "COMPILER_FLAGS=  -O2 -c" "EXTRA_COMPILER_FLAGS=-g -Wall -Wextra"
"Running Make include in psu_cortexa53_0/libsrc/iic_v3_4/src"
make -C psu_cortexa53_0/libsrc/iic_v3_4/src -s include  "SHELL=CMD" "COMPILER=aarch64-none-elf-gcc" "ARCHIVER=aarch64-none-elf-ar" "COMPILER_FLAGS=  -O2 -c" "EXTRA_COMPILER_FLAGS=-g -Wall -Wextra"
"Running Make include in psu_cortexa53_0/libsrc/iicps_v3_7/src"
make -C psu_cortexa53_0/libsrc/iicps_v3_7/src -s include  "SHELL=CMD" "COMPILER=aarch64-none-elf-gcc" "ARCHIVER=aarch64-none-elf-ar" "COMPILER_FLAGS=  -O2 -c" "EXTRA_COMPILER_FLAGS=-g -Wall -Wextra"
"Running Make include in psu_cortexa53_0/libsrc/ipipsu_v2_3/src"
make -C psu_cortexa53_0/libsrc/ipipsu_v2_3/src -s include  "SHELL=CMD" "COMPILER=aarch64-none-elf-gcc" "ARCHIVER=aarch64-none-elf-ar" "COMPILER_FLAGS=  -O2 -c" "EXTRA_COMPILER_FLAGS=-g -Wall -Wextra"
"Running Make include in psu_cortexa53_0/libsrc/lwip202_v1_1/src"
make -C psu_cortexa53_0/libsrc/lwip202_v1_1/src -s include  "SHELL=CMD" "COMPILER=aarch64-none-elf-gcc" "ARCHIVER=aarch64-none-elf-ar" "COMPILER_FLAGS=  -O2 -c" "EXTRA_COMPILER_FLAGS=-g -Wall -Wextra"
"Running Make include in psu_cortexa53_0/libsrc/qspipsu_v1_7/src"
make -C psu_cortexa53_0/libsrc/qspipsu_v1_7/src -s include  "SHELL=CMD" "COMPILER=aarch64-none-elf-gcc" "ARCHIVER=aarch64-none-elf-ar" "COMPILER_FLAGS=  -O2 -c" "EXTRA_COMPILER_FLAGS=-g -Wall -Wextra"
"Running Make include in psu_cortexa53_0/libsrc/resetps_v1_1/src"
make -C psu_cortexa53_0/libsrc/resetps_v1_1/src -s include  "SHELL=CMD" "COMPILER=aarch64-none-elf-gcc" "ARCHIVER=aarch64-none-elf-ar" "COMPILER_FLAGS=  -O2 -c" "EXTRA_COMPILER_FLAGS=-g -Wall -Wextra"
"Running Make include in psu_cortexa53_0/libsrc/rtcpsu_v1_5/src"
make -C psu_cortexa53_0/libsrc/rtcpsu_v1_5/src -s include  "SHELL=CMD" "COMPILER=aarch64-none-elf-gcc" "ARCHIVER=aarch64-none-elf-ar" "COMPILER_FLAGS=  -O2 -c" "EXTRA_COMPILER_FLAGS=-g -Wall -Wextra"
"Running Make include in psu_cortexa53_0/libsrc/scugic_v3_9/src"
make -C psu_cortexa53_0/libsrc/scugic_v3_9/src -s include  "SHELL=CMD" "COMPILER=aarch64-none-elf-gcc" "ARCHIVER=aarch64-none-elf-ar" "COMPILER_FLAGS=  -O2 -c" "EXTRA_COMPILER_FLAGS=-g -Wall -Wextra"
"Running Make include in psu_cortexa53_0/libsrc/sdps_v3_5/src"
make -C psu_cortexa53_0/libsrc/sdps_v3_5/src -s include  "SHELL=CMD" "COMPILER=aarch64-none-elf-gcc" "ARCHIVER=aarch64-none-elf-ar" "COMPILER_FLAGS=  -O2 -c" "EXTRA_COMPILER_FLAGS=-g -Wall -Wextra"
"Running Make include in psu_cortexa53_0/libsrc/standalone_v6_7/src"
make -C psu_cortexa53_0/libsrc/standalone_v6_7/src -s include  "SHELL=CMD" "COMPILER=aarch64-none-elf-gcc" "ARCHIVER=aarch64-none-elf-ar" "COMPILER_FLAGS=  -O2 -c" "EXTRA_COMPILER_FLAGS=-g -Wall -Wextra"
"Running Make include in psu_cortexa53_0/libsrc/sysmon_v7_4/src"
make -C psu_cortexa53_0/libsrc/sysmon_v7_4/src -s include  "SHELL=CMD" "COMPILER=aarch64-none-elf-gcc" "ARCHIVER=aarch64-none-elf-ar" "COMPILER_FLAGS=  -O2 -c" "EXTRA_COMPILER_FLAGS=-g -Wall -Wextra"
"Running Make include in psu_cortexa53_0/libsrc/sysmonpsu_v2_4/src"
make -C psu_cortexa53_0/libsrc/sysmonpsu_v2_4/src -s include  "SHELL=CMD" "COMPILER=aarch64-none-elf-gcc" "ARCHIVER=aarch64-none-elf-ar" "COMPILER_FLAGS=  -O2 -c" "EXTRA_COMPILER_FLAGS=-g -Wall -Wextra"
"Running Make include in psu_cortexa53_0/libsrc/ttcps_v3_6/src"
make -C psu_cortexa53_0/libsrc/ttcps_v3_6/src -s include  "SHELL=CMD" "COMPILER=aarch64-none-elf-gcc" "ARCHIVER=aarch64-none-elf-ar" "COMPILER_FLAGS=  -O2 -c" "EXTRA_COMPILER_FLAGS=-g -Wall -Wextra"
"Running Make include in psu_cortexa53_0/libsrc/uartns550_v3_5/src"
make -C psu_cortexa53_0/libsrc/uartns550_v3_5/src -s include  "SHELL=CMD" "COMPILER=aarch64-none-elf-gcc" "ARCHIVER=aarch64-none-elf-ar" "COMPILER_FLAGS=  -O2 -c" "EXTRA_COMPILER_FLAGS=-g -Wall -Wextra"
"Running Make include in psu_cortexa53_0/libsrc/uartps_v3_6/src"
make -C psu_cortexa53_0/libsrc/uartps_v3_6/src -s include  "SHELL=CMD" "COMPILER=aarch64-none-elf-gcc" "ARCHIVER=aarch64-none-elf-ar" "COMPILER_FLAGS=  -O2 -c" "EXTRA_COMPILER_FLAGS=-g -Wall -Wextra"
"Running Make include in psu_cortexa53_0/libsrc/usbpsu_v1_4/src"
make -C psu_cortexa53_0/libsrc/usbpsu_v1_4/src -s include  "SHELL=CMD" "COMPILER=aarch64-none-elf-gcc" "ARCHIVER=aarch64-none-elf-ar" "COMPILER_FLAGS=  -O2 -c" "EXTRA_COMPILER_FLAGS=-g -Wall -Wextra"
"Running Make include in psu_cortexa53_0/libsrc/video_common_v4_4/src"
make -C psu_cortexa53_0/libsrc/video_common_v4_4/src -s include  "SHELL=CMD" "COMPILER=aarch64-none-elf-gcc" "ARCHIVER=aarch64-none-elf-ar" "COMPILER_FLAGS=  -O2 -c" "EXTRA_COMPILER_FLAGS=-g -Wall -Wextra"
"Running Make include in psu_cortexa53_0/libsrc/wdtps_v3_0/src"
make -C psu_cortexa53_0/libsrc/wdtps_v3_0/src -s include  "SHELL=CMD" "COMPILER=aarch64-none-elf-gcc" "ARCHIVER=aarch64-none-elf-ar" "COMPILER_FLAGS=  -O2 -c" "EXTRA_COMPILER_FLAGS=-g -Wall -Wextra"
"Running Make include in psu_cortexa53_0/libsrc/zdma_v1_5/src"
make -C psu_cortexa53_0/libsrc/zdma_v1_5/src -s include  "SHELL=CMD" "COMPILER=aarch64-none-elf-gcc" "ARCHIVER=aarch64-none-elf-ar" "COMPILER_FLAGS=  -O2 -c" "EXTRA_COMPILER_FLAGS=-g -Wall -Wextra"
"Running Make libs in psu_cortexa53_0/libsrc/avbuf_v2_2/src"
make -C psu_cortexa53_0/libsrc/avbuf_v2_2/src -s libs  "SHELL=CMD" "COMPILER=aarch64-none-elf-gcc" "ARCHIVER=aarch64-none-elf-ar" "COMPILER_FLAGS=  -O2 -c" "EXTRA_COMPILER_FLAGS=-g -Wall -Wextra"
"Compiling avbuf"
aarch64-none-elf-ar: creating ../../../lib/libxil.a
"Running Make libs in psu_cortexa53_0/libsrc/axipmon_v6_6/src"
make -C psu_cortexa53_0/libsrc/axipmon_v6_6/src -s libs  "SHELL=CMD" "COMPILER=aarch64-none-elf-gcc" "ARCHIVER=aarch64-none-elf-ar" "COMPILER_FLAGS=  -O2 -c" "EXTRA_COMPILER_FLAGS=-g -Wall -Wextra"
"Compiling axipmon"
"Running Make libs in psu_cortexa53_0/libsrc/bram_v4_2/src"
make -C psu_cortexa53_0/libsrc/bram_v4_2/src -s libs  "SHELL=CMD" "COMPILER=aarch64-none-elf-gcc" "ARCHIVER=aarch64-none-elf-ar" "COMPILER_FLAGS=  -O2 -c" "EXTRA_COMPILER_FLAGS=-g -Wall -Wextra"
"Compiling bram"
"Running Make libs in psu_cortexa53_0/libsrc/canps_v3_2/src"
make -C psu_cortexa53_0/libsrc/canps_v3_2/src -s libs  "SHELL=CMD" "COMPILER=aarch64-none-elf-gcc" "ARCHIVER=aarch64-none-elf-ar" "COMPILER_FLAGS=  -O2 -c" "EXTRA_COMPILER_FLAGS=-g -Wall -Wextra"
"Compiling canps"
"Running Make libs in psu_cortexa53_0/libsrc/coresightps_dcc_v1_4/src"
make -C psu_cortexa53_0/libsrc/coresightps_dcc_v1_4/src -s libs  "SHELL=CMD" "COMPILER=aarch64-none-elf-gcc" "ARCHIVER=aarch64-none-elf-ar" "COMPILER_FLAGS=  -O2 -c" "EXTRA_COMPILER_FLAGS=-g -Wall -Wextra"
"Compiling coresightps_dcc"
"Running Make libs in psu_cortexa53_0/libsrc/cpu_cortexa53_v1_5/src"
make -C psu_cortexa53_0/libsrc/cpu_cortexa53_v1_5/src -s libs  "SHELL=CMD" "COMPILER=aarch64-none-elf-gcc" "ARCHIVER=aarch64-none-elf-ar" "COMPILER_FLAGS=  -O2 -c" "EXTRA_COMPILER_FLAGS=-g -Wall -Wextra"
"Compiling cpu_cortexa53"
"Running Make libs in psu_cortexa53_0/libsrc/csudma_v1_2/src"
make -C psu_cortexa53_0/libsrc/csudma_v1_2/src -s libs  "SHELL=CMD" "COMPILER=aarch64-none-elf-gcc" "ARCHIVER=aarch64-none-elf-ar" "COMPILER_FLAGS=  -O2 -c" "EXTRA_COMPILER_FLAGS=-g -Wall -Wextra"
"Compiling csudma"
"Running Make libs in psu_cortexa53_0/libsrc/ddrcpsu_v1_1/src"
make -C psu_cortexa53_0/libsrc/ddrcpsu_v1_1/src -s libs  "SHELL=CMD" "COMPILER=aarch64-none-elf-gcc" "ARCHIVER=aarch64-none-elf-ar" "COMPILER_FLAGS=  -O2 -c" "EXTRA_COMPILER_FLAGS=-g -Wall -Wextra"
"Compiling ddrcpsu"
"Running Make libs in psu_cortexa53_0/libsrc/dpdma_v1_1/src"
make -C psu_cortexa53_0/libsrc/dpdma_v1_1/src -s libs  "SHELL=CMD" "COMPILER=aarch64-none-elf-gcc" "ARCHIVER=aarch64-none-elf-ar" "COMPILER_FLAGS=  -O2 -c" "EXTRA_COMPILER_FLAGS=-g -Wall -Wextra"
"Compiling dpdma"
"Running Make libs in psu_cortexa53_0/libsrc/emacps_v3_7/src"
make -C psu_cortexa53_0/libsrc/emacps_v3_7/src -s libs  "SHELL=CMD" "COMPILER=aarch64-none-elf-gcc" "ARCHIVER=aarch64-none-elf-ar" "COMPILER_FLAGS=  -O2 -c" "EXTRA_COMPILER_FLAGS=-g -Wall -Wextra"
"Compiling emacps"
"Running Make libs in psu_cortexa53_0/libsrc/gpio_v4_3/src"
make -C psu_cortexa53_0/libsrc/gpio_v4_3/src -s libs  "SHELL=CMD" "COMPILER=aarch64-none-elf-gcc" "ARCHIVER=aarch64-none-elf-ar" "COMPILER_FLAGS=  -O2 -c" "EXTRA_COMPILER_FLAGS=-g -Wall -Wextra"
"Compiling gpio"
"Running Make libs in psu_cortexa53_0/libsrc/gpiops_v3_3/src"
make -C psu_cortexa53_0/libsrc/gpiops_v3_3/src -s libs  "SHELL=CMD" "COMPILER=aarch64-none-elf-gcc" "ARCHIVER=aarch64-none-elf-ar" "COMPILER_FLAGS=  -O2 -c" "EXTRA_COMPILER_FLAGS=-g -Wall -Wextra"
"Compiling gpiops"
"Running Make libs in psu_cortexa53_0/libsrc/iic_v3_4/src"
make -C psu_cortexa53_0/libsrc/iic_v3_4/src -s libs  "SHELL=CMD" "COMPILER=aarch64-none-elf-gcc" "ARCHIVER=aarch64-none-elf-ar" "COMPILER_FLAGS=  -O2 -c" "EXTRA_COMPILER_FLAGS=-g -Wall -Wextra"
"Compiling iic"
"Running Make libs in psu_cortexa53_0/libsrc/iicps_v3_7/src"
make -C psu_cortexa53_0/libsrc/iicps_v3_7/src -s libs  "SHELL=CMD" "COMPILER=aarch64-none-elf-gcc" "ARCHIVER=aarch64-none-elf-ar" "COMPILER_FLAGS=  -O2 -c" "EXTRA_COMPILER_FLAGS=-g -Wall -Wextra"
"Compiling iicps"
"Running Make libs in psu_cortexa53_0/libsrc/ipipsu_v2_3/src"
make -C psu_cortexa53_0/libsrc/ipipsu_v2_3/src -s libs  "SHELL=CMD" "COMPILER=aarch64-none-elf-gcc" "ARCHIVER=aarch64-none-elf-ar" "COMPILER_FLAGS=  -O2 -c" "EXTRA_COMPILER_FLAGS=-g -Wall -Wextra"
"Compiling ipipsu"
"Running Make libs in psu_cortexa53_0/libsrc/lwip202_v1_1/src"
make -C psu_cortexa53_0/libsrc/lwip202_v1_1/src -s libs  "SHELL=CMD" "COMPILER=aarch64-none-elf-gcc" "ARCHIVER=aarch64-none-elf-ar" "COMPILER_FLAGS=  -O2 -c" "EXTRA_COMPILER_FLAGS=-g -Wall -Wextra"
"Compiling lwip src and adapter files"
contrib/ports/xilinx/netif/xemacpsif.c: In function 'xemacpsif_init':
contrib/ports/xilinx/netif/xemacpsif.c:728:16: warning: assignment from incompatible pointer type [-Wincompatible-pointer-types]
  netif->output = xemacpsif_output;
                ^
In file included from ../../../include/xemacps.h:351:0,
                 from ../../../include/netif/xemacpsif.h:59,
                 from contrib/ports/xilinx/netif/xemacpsif_dma.c:39:
contrib/ports/xilinx/netif/xemacpsif_dma.c: In function 'init_dma':
../../../include/xemacps_bd.h:163:15: warning: 'bdrxterminate' may be used uninitialized in this function [-Wmaybe-uninitialized]
     (*(u32 *)((UINTPTR)(void*)(BaseAddress) + (u32)(Offset)) = (u32)(Data))
               ^
contrib/ports/xilinx/netif/xemacpsif_dma.c:558:14: note: 'bdrxterminate' was declared here
  XEmacPs_Bd *bdrxterminate;
              ^~~~~~~~~~~~~
In file included from ../../../include/xemacps.h:351:0,
                 from ../../../include/netif/xemacpsif.h:59,
                 from contrib/ports/xilinx/netif/xemacpsif_dma.c:39:
../../../include/xemacps_bd.h:144:12: warning: 'bdtxterminate' may be used uninitialized in this function [-Wmaybe-uninitialized]
  (*(u32 *)((UINTPTR)((void*)(BaseAddress)) + (u32)(Offset)))
            ^
contrib/ports/xilinx/netif/xemacpsif_dma.c:557:14: note: 'bdtxterminate' was declared here
  XEmacPs_Bd *bdtxterminate;
              ^~~~~~~~~~~~~
"Running Make libs in psu_cortexa53_0/libsrc/qspipsu_v1_7/src"
make -C psu_cortexa53_0/libsrc/qspipsu_v1_7/src -s libs  "SHELL=CMD" "COMPILER=aarch64-none-elf-gcc" "ARCHIVER=aarch64-none-elf-ar" "COMPILER_FLAGS=  -O2 -c" "EXTRA_COMPILER_FLAGS=-g -Wall -Wextra"
"Compiling qspipsu"
"Running Make libs in psu_cortexa53_0/libsrc/resetps_v1_1/src"
make -C psu_cortexa53_0/libsrc/resetps_v1_1/src -s libs  "SHELL=CMD" "COMPILER=aarch64-none-elf-gcc" "ARCHIVER=aarch64-none-elf-ar" "COMPILER_FLAGS=  -O2 -c" "EXTRA_COMPILER_FLAGS=-g -Wall -Wextra"
"Compiling resetps"
"Running Make libs in psu_cortexa53_0/libsrc/rtcpsu_v1_5/src"
make -C psu_cortexa53_0/libsrc/rtcpsu_v1_5/src -s libs  "SHELL=CMD" "COMPILER=aarch64-none-elf-gcc" "ARCHIVER=aarch64-none-elf-ar" "COMPILER_FLAGS=  -O2 -c" "EXTRA_COMPILER_FLAGS=-g -Wall -Wextra"
"Compiling rtcpsu"
"Running Make libs in psu_cortexa53_0/libsrc/scugic_v3_9/src"
make -C psu_cortexa53_0/libsrc/scugic_v3_9/src -s libs  "SHELL=CMD" "COMPILER=aarch64-none-elf-gcc" "ARCHIVER=aarch64-none-elf-ar" "COMPILER_FLAGS=  -O2 -c" "EXTRA_COMPILER_FLAGS=-g -Wall -Wextra"
"Compiling scugic"
"Running Make libs in psu_cortexa53_0/libsrc/sdps_v3_5/src"
make -C psu_cortexa53_0/libsrc/sdps_v3_5/src -s libs  "SHELL=CMD" "COMPILER=aarch64-none-elf-gcc" "ARCHIVER=aarch64-none-elf-ar" "COMPILER_FLAGS=  -O2 -c" "EXTRA_COMPILER_FLAGS=-g -Wall -Wextra"
"Compiling sdps"
"Running Make libs in psu_cortexa53_0/libsrc/standalone_v6_7/src"
make -C psu_cortexa53_0/libsrc/standalone_v6_7/src -s libs  "SHELL=CMD" "COMPILER=aarch64-none-elf-gcc" "ARCHIVER=aarch64-none-elf-ar" "COMPILER_FLAGS=  -O2 -c" "EXTRA_COMPILER_FLAGS=-g -Wall -Wextra"
"Compiling standalone A53"
In file included from sleep.c:63:0:
xtime_l.h:81:9: note: #pragma message: For the sleep routines, Global timer is being used
 #pragma message ("For the sleep routines, Global timer is being used")
         ^~~~~~~
In file included from xil_sleeptimer.c:55:0:
xtime_l.h:81:9: note: #pragma message: For the sleep routines, Global timer is being used
 #pragma message ("For the sleep routines, Global timer is being used")
         ^~~~~~~
In file included from xtime_l.c:56:0:
xtime_l.h:81:9: note: #pragma message: For the sleep routines, Global timer is being used
 #pragma message ("For the sleep routines, Global timer is being used")
         ^~~~~~~
"Running Make libs in psu_cortexa53_0/libsrc/sysmon_v7_4/src"
make -C psu_cortexa53_0/libsrc/sysmon_v7_4/src -s libs  "SHELL=CMD" "COMPILER=aarch64-none-elf-gcc" "ARCHIVER=aarch64-none-elf-ar" "COMPILER_FLAGS=  -O2 -c" "EXTRA_COMPILER_FLAGS=-g -Wall -Wextra"
"Compiling sysmon"
"Running Make libs in psu_cortexa53_0/libsrc/sysmonpsu_v2_4/src"
make -C psu_cortexa53_0/libsrc/sysmonpsu_v2_4/src -s libs  "SHELL=CMD" "COMPILER=aarch64-none-elf-gcc" "ARCHIVER=aarch64-none-elf-ar" "COMPILER_FLAGS=  -O2 -c" "EXTRA_COMPILER_FLAGS=-g -Wall -Wextra"
"Compiling sysmonpsu"
"Running Make libs in psu_cortexa53_0/libsrc/ttcps_v3_6/src"
make -C psu_cortexa53_0/libsrc/ttcps_v3_6/src -s libs  "SHELL=CMD" "COMPILER=aarch64-none-elf-gcc" "ARCHIVER=aarch64-none-elf-ar" "COMPILER_FLAGS=  -O2 -c" "EXTRA_COMPILER_FLAGS=-g -Wall -Wextra"
"Compiling ttcps"
"Running Make libs in psu_cortexa53_0/libsrc/uartns550_v3_5/src"
make -C psu_cortexa53_0/libsrc/uartns550_v3_5/src -s libs  "SHELL=CMD" "COMPILER=aarch64-none-elf-gcc" "ARCHIVER=aarch64-none-elf-ar" "COMPILER_FLAGS=  -O2 -c" "EXTRA_COMPILER_FLAGS=-g -Wall -Wextra"
"Compiling uartns550"
xuartns550_g.c:53:2: warning: missing initializer for field 'DefaultBaudRate' of 'XUartNs550_Config {aka struct <anonymous>}' [-Wmissing-field-initializers]
  }
  ^
In file included from xuartns550_g.c:41:0:
xuartns550.h:323:6: note: 'DefaultBaudRate' declared here
  u32 DefaultBaudRate; /**< Baud Rate in bps, ie 1200 */
      ^~~~~~~~~~~~~~~
"Running Make libs in psu_cortexa53_0/libsrc/uartps_v3_6/src"
make -C psu_cortexa53_0/libsrc/uartps_v3_6/src -s libs  "SHELL=CMD" "COMPILER=aarch64-none-elf-gcc" "ARCHIVER=aarch64-none-elf-ar" "COMPILER_FLAGS=  -O2 -c" "EXTRA_COMPILER_FLAGS=-g -Wall -Wextra"
"Compiling uartps"
"Running Make libs in psu_cortexa53_0/libsrc/usbpsu_v1_4/src"
make -C psu_cortexa53_0/libsrc/usbpsu_v1_4/src -s libs  "SHELL=CMD" "COMPILER=aarch64-none-elf-gcc" "ARCHIVER=aarch64-none-elf-ar" "COMPILER_FLAGS=  -O2 -c" "EXTRA_COMPILER_FLAGS=-g -Wall -Wextra"
"Compiling usbpsu"
"Running Make libs in psu_cortexa53_0/libsrc/video_common_v4_4/src"
make -C psu_cortexa53_0/libsrc/video_common_v4_4/src -s libs  "SHELL=CMD" "COMPILER=aarch64-none-elf-gcc" "ARCHIVER=aarch64-none-elf-ar" "COMPILER_FLAGS=  -O2 -c" "EXTRA_COMPILER_FLAGS=-g -Wall -Wextra"
"Compiling video_common"
"Running Make libs in psu_cortexa53_0/libsrc/wdtps_v3_0/src"
make -C psu_cortexa53_0/libsrc/wdtps_v3_0/src -s libs  "SHELL=CMD" "COMPILER=aarch64-none-elf-gcc" "ARCHIVER=aarch64-none-elf-ar" "COMPILER_FLAGS=  -O2 -c" "EXTRA_COMPILER_FLAGS=-g -Wall -Wextra"
"Compiling wdtps"
"Running Make libs in psu_cortexa53_0/libsrc/zdma_v1_5/src"
make -C psu_cortexa53_0/libsrc/zdma_v1_5/src -s libs  "SHELL=CMD" "COMPILER=aarch64-none-elf-gcc" "ARCHIVER=aarch64-none-elf-ar" "COMPILER_FLAGS=  -O2 -c" "EXTRA_COMPILER_FLAGS=-g -Wall -Wextra"
"Compiling zdma"
'Finished building libraries'
13:33:47 **** Build of configuration Debug for project lwip_echo_server ****
make all 
'Building file: ../src/echo.c'
'Invoking: ARM v8 gcc compiler'
aarch64-none-elf-gcc -Wall -O0 -g3 -c -fmessage-length=0 -MT"src/echo.o" -I../../lwip_echo_server_bsp/psu_cortexa53_0/include -MMD -MP -MF"src/echo.d" -MT"src/echo.o" -o "src/echo.o" "../src/echo.c"
'Finished building: ../src/echo.c'
' '
'Building file: ../src/i2c_access.c'
'Invoking: ARM v8 gcc compiler'
aarch64-none-elf-gcc -Wall -O0 -g3 -c -fmessage-length=0 -MT"src/i2c_access.o" -I../../lwip_echo_server_bsp/psu_cortexa53_0/include -MMD -MP -MF"src/i2c_access.d" -MT"src/i2c_access.o" -o "src/i2c_access.o" "../src/i2c_access.c"
'Finished building: ../src/i2c_access.c'
' '
'Building file: ../src/iic_phyreset.c'
'Invoking: ARM v8 gcc compiler'
aarch64-none-elf-gcc -Wall -O0 -g3 -c -fmessage-length=0 -MT"src/iic_phyreset.o" -I../../lwip_echo_server_bsp/psu_cortexa53_0/include -MMD -MP -MF"src/iic_phyreset.d" -MT"src/iic_phyreset.o" -o "src/iic_phyreset.o" "../src/iic_phyreset.c"
'Finished building: ../src/iic_phyreset.c'
' '
'Building file: ../src/main.c'
'Invoking: ARM v8 gcc compiler'
aarch64-none-elf-gcc -Wall -O0 -g3 -c -fmessage-length=0 -MT"src/main.o" -I../../lwip_echo_server_bsp/psu_cortexa53_0/include -MMD -MP -MF"src/main.d" -MT"src/main.o" -o "src/main.o" "../src/main.c"
'Finished building: ../src/main.c'
' '
'Building file: ../src/platform.c'
'Invoking: ARM v8 gcc compiler'
aarch64-none-elf-gcc -Wall -O0 -g3 -c -fmessage-length=0 -MT"src/platform.o" -I../../lwip_echo_server_bsp/psu_cortexa53_0/include -MMD -MP -MF"src/platform.d" -MT"src/platform.o" -o "src/platform.o" "../src/platform.c"
'Finished building: ../src/platform.c'
' '
'Building file: ../src/platform_mb.c'
'Invoking: ARM v8 gcc compiler'
aarch64-none-elf-gcc -Wall -O0 -g3 -c -fmessage-length=0 -MT"src/platform_mb.o" -I../../lwip_echo_server_bsp/psu_cortexa53_0/include -MMD -MP -MF"src/platform_mb.d" -MT"src/platform_mb.o" -o "src/platform_mb.o" "../src/platform_mb.c"
'Finished building: ../src/platform_mb.c'
' '
'Building file: ../src/platform_ppc.c'
'Invoking: ARM v8 gcc compiler'
aarch64-none-elf-gcc -Wall -O0 -g3 -c -fmessage-length=0 -MT"src/platform_ppc.o" -I../../lwip_echo_server_bsp/psu_cortexa53_0/include -MMD -MP -MF"src/platform_ppc.d" -MT"src/platform_ppc.o" -o "src/platform_ppc.o" "../src/platform_ppc.c"
'Finished building: ../src/platform_ppc.c'
' '
'Building file: ../src/platform_zynq.c'
'Invoking: ARM v8 gcc compiler'
aarch64-none-elf-gcc -Wall -O0 -g3 -c -fmessage-length=0 -MT"src/platform_zynq.o" -I../../lwip_echo_server_bsp/psu_cortexa53_0/include -MMD -MP -MF"src/platform_zynq.d" -MT"src/platform_zynq.o" -o "src/platform_zynq.o" "../src/platform_zynq.c"
'Finished building: ../src/platform_zynq.c'
' '
'Building file: ../src/platform_zynqmp.c'
'Invoking: ARM v8 gcc compiler'
aarch64-none-elf-gcc -Wall -O0 -g3 -c -fmessage-length=0 -MT"src/platform_zynqmp.o" -I../../lwip_echo_server_bsp/psu_cortexa53_0/include -MMD -MP -MF"src/platform_zynqmp.d" -MT"src/platform_zynqmp.o" -o "src/platform_zynqmp.o" "../src/platform_zynqmp.c"
../src/platform_zynqmp.c: In function 'platform_setup_timer':
../src/platform_zynqmp.c:134:66: warning: passing argument 3 of 'XTtcPs_CalcIntervalFromFreq' from incompatible pointer type [-Wincompatible-pointer-types]
  XTtcPs_CalcIntervalFromFreq(Timer, PLATFORM_TIMER_INTR_RATE_HZ, &Interval, &Prescaler);
                                                                  ^
In file included from ../src/platform_zynqmp.c:53:0:
../../lwip_echo_server_bsp/psu_cortexa53_0/include/xttcps.h:448:6: note: expected 'XInterval * {aka unsigned int *}' but argument is of type 'u16 * {aka short unsigned int *}'
 void XTtcPs_CalcIntervalFromFreq(XTtcPs *InstancePtr, u32 Freq,
      ^~~~~~~~~~~~~~~~~~~~~~~~~~~
'Finished building: ../src/platform_zynqmp.c'
' '
'Building file: ../src/sfp.c'
'Invoking: ARM v8 gcc compiler'
aarch64-none-elf-gcc -Wall -O0 -g3 -c -fmessage-length=0 -MT"src/sfp.o" -I../../lwip_echo_server_bsp/psu_cortexa53_0/include -MMD -MP -MF"src/sfp.d" -MT"src/sfp.o" -o "src/sfp.o" "../src/sfp.c"
'Finished building: ../src/sfp.c'
' '
'Building file: ../src/si5324.c'
'Invoking: ARM v8 gcc compiler'
aarch64-none-elf-gcc -Wall -O0 -g3 -c -fmessage-length=0 -MT"src/si5324.o" -I../../lwip_echo_server_bsp/psu_cortexa53_0/include -MMD -MP -MF"src/si5324.d" -MT"src/si5324.o" -o "src/si5324.o" "../src/si5324.c"
'Finished building: ../src/si5324.c'
' '
'Building target: lwip_echo_server.elf'
'Invoking: ARM v8 gcc linker'
[...]
"Compiling ttcps"
"Running Make libs in psu_cortexa53_0/libsrc/uartns550_v3_5/src"
make -C psu_cortexa53_0/libsrc/uartns550_v3_5/src -s libs  "SHELL=CMD" "COMPILER=aarch64-none-elf-gcc" "ARCHIVER=aarch64-none-elf-ar" "COMPILER_FLAGS=  -O2 -c" "EXTRA_COMPILER_FLAGS=-g -Wall -Wextra -Os -flto -ffat-lto-objects"
"Compiling uartns550"
xuartns550_g.c:53:2: warning: missing initializer for field 'DefaultBaudRate' of 'XUartNs550_Config {aka struct <anonymous>}' [-Wmissing-field-initializers]
  }
  ^
In file included from xuartns550_g.c:41:0:
xuartns550.h:323:6: note: 'DefaultBaudRate' declared here
  u32 DefaultBaudRate; /**< Baud Rate in bps, ie 1200 */
      ^~~~~~~~~~~~~~~
"Running Make libs in psu_cortexa53_0/libsrc/uartps_v3_6/src"
make -C psu_cortexa53_0/libsrc/uartps_v3_6/src -s libs  "SHELL=CMD" "COMPILER=aarch64-none-elf-gcc" "ARCHIVER=aarch64-none-elf-ar" "COMPILER_FLAGS=  -O2 -c" "EXTRA_COMPILER_FLAGS=-g -Wall -Wextra -Os -flto -ffat-lto-objects"
"Compiling uartps"
"Running Make libs in psu_cortexa53_0/libsrc/usbpsu_v1_4/src"
make -C psu_cortexa53_0/libsrc/usbpsu_v1_4/src -s libs  "SHELL=CMD" "COMPILER=aarch64-none-elf-gcc" "ARCHIVER=aarch64-none-elf-ar" "COMPILER_FLAGS=  -O2 -c" "EXTRA_COMPILER_FLAGS=-g -Wall -Wextra -Os -flto -ffat-lto-objects"
"Compiling usbpsu"
"Running Make libs in psu_cortexa53_0/libsrc/video_common_v4_4/src"
make -C psu_cortexa53_0/libsrc/video_common_v4_4/src -s libs  "SHELL=CMD" "COMPILER=aarch64-none-elf-gcc" "ARCHIVER=aarch64-none-elf-ar" "COMPILER_FLAGS=  -O2 -c" "EXTRA_COMPILER_FLAGS=-g -Wall -Wextra -Os -flto -ffat-lto-objects"
"Compiling video_common"
"Running Make libs in psu_cortexa53_0/libsrc/wdtps_v3_0/src"
make -C psu_cortexa53_0/libsrc/wdtps_v3_0/src -s libs  "SHELL=CMD" "COMPILER=aarch64-none-elf-gcc" "ARCHIVER=aarch64-none-elf-ar" "COMPILER_FLAGS=  -O2 -c" "EXTRA_COMPILER_FLAGS=-g -Wall -Wextra -Os -flto -ffat-lto-objects"
"Compiling wdtps"
"Running Make libs in psu_cortexa53_0/libsrc/xilffs_v3_9/src"
make -C psu_cortexa53_0/libsrc/xilffs_v3_9/src -s libs  "SHELL=CMD" "COMPILER=aarch64-none-elf-gcc" "ARCHIVER=aarch64-none-elf-ar" "COMPILER_FLAGS=  -O2 -c" "EXTRA_COMPILER_FLAGS=-g -Wall -Wextra -Os -flto -ffat-lto-objects"
"Compiling XilFFs Library"
"Running Make libs in psu_cortexa53_0/libsrc/xilpm_v2_3/src"
make -C psu_cortexa53_0/libsrc/xilpm_v2_3/src -s libs  "SHELL=CMD" "COMPILER=aarch64-none-elf-gcc" "ARCHIVER=aarch64-none-elf-ar" "COMPILER_FLAGS=  -O2 -c" "EXTRA_COMPILER_FLAGS=-g -Wall -Wextra -Os -flto -ffat-lto-objects"
"Compiling xilpm library"
aarch64-none-elf-ar: creating ../../../lib/libxilpm.a
"Running Make libs in psu_cortexa53_0/libsrc/xilsecure_v3_1/src"
make -C psu_cortexa53_0/libsrc/xilsecure_v3_1/src -s libs  "SHELL=CMD" "COMPILER=aarch64-none-elf-gcc" "ARCHIVER=aarch64-none-elf-ar" "COMPILER_FLAGS=  -O2 -c" "EXTRA_COMPILER_FLAGS=-g -Wall -Wextra -Os -flto -ffat-lto-objects"
"Compiling XilSecure Library"
"Running Make libs in psu_cortexa53_0/libsrc/zdma_v1_5/src"
make -C psu_cortexa53_0/libsrc/zdma_v1_5/src -s libs  "SHELL=CMD" "COMPILER=aarch64-none-elf-gcc" "ARCHIVER=aarch64-none-elf-ar" "COMPILER_FLAGS=  -O2 -c" "EXTRA_COMPILER_FLAGS=-g -Wall -Wextra -Os -flto -ffat-lto-objects"
"Compiling zdma"
'Finished building libraries'
13:48:26 **** Clean-only build of configuration Debug for project zynq_mp_fsbl ****
make clean 
rm -rf  ./src/psu_init.o ./src/xfsbl_authentication.o ./src/xfsbl_board.o ./src/xfsbl_bs.o ./src/xfsbl_csu_dma.o ./src/xfsbl_dfu_util.o ./src/xfsbl_exit.o ./src/xfsbl_handoff.o ./src/xfsbl_hooks.o ./src/xfsbl_image_header.o ./src/xfsbl_initialization.o ./src/xfsbl_main.o ./src/xfsbl_misc.o ./src/xfsbl_misc_drivers.o ./src/xfsbl_nand.o ./src/xfsbl_partition_load.o ./src/xfsbl_plpartition_valid.o ./src/xfsbl_qspi.o ./src/xfsbl_rsa_sha.o ./src/xfsbl_sd.o ./src/xfsbl_translation_table.o ./src/xfsbl_usb.o  ./src/xfsbl_exit.d ./src/xfsbl_translation_table.d  ./src/psu_init.d ./src/xfsbl_authentication.d ./src/xfsbl_board.d ./src/xfsbl_bs.d ./src/xfsbl_csu_dma.d ./src/xfsbl_dfu_util.d ./src/xfsbl_handoff.d ./src/xfsbl_hooks.d ./src/xfsbl_image_header.d ./src/xfsbl_initialization.d ./src/xfsbl_main.d ./src/xfsbl_misc.d ./src/xfsbl_misc_drivers.d ./src/xfsbl_nand.d ./src/xfsbl_partition_load.d ./src/xfsbl_plpartition_valid.d ./src/xfsbl_qspi.d ./src/xfsbl_rsa_sha.d ./src/xfsbl_sd.d ./src/xfsbl_usb.d  zynq_mp_fsbl.elf.size  zynq_mp_fsbl.elf
' '
13:48:27 **** Build of configuration Debug for project zynq_mp_fsbl ****
make all 
'Building file: C:/zcu106_ipi/zcu106_ipi.sdk/system_wrapper_hw_platform_0/psu_init.c'
'Invoking: ARM v8 gcc compiler'
aarch64-none-elf-gcc -DARMA53_64 -Wall -O0 -g3 -I"C:\zcu106_ipi\zcu106_ipi.sdk\system_wrapper_hw_platform_0" -c -fmessage-length=0 -MT"src/psu_init.o" -Os -flto -ffat-lto-objects -I../../zynq_mp_fsbl_bsp/psu_cortexa53_0/include -MMD -MP -MF"src/psu_init.d" -MT"src/psu_init.o" -o "src/psu_init.o" "C:/zcu106_ipi/zcu106_ipi.sdk/system_wrapper_hw_platform_0/psu_init.c"
C:/zcu106_ipi/zcu106_ipi.sdk/system_wrapper_hw_platform_0/psu_init.c:21138:13: warning: 'dpll_prog' defined but not used [-Wunused-function]
 static void dpll_prog(int ddr_pll_fbdiv, int d_lock_dly, int d_lock_cnt,
             ^~~~~~~~~
'Finished building: C:/zcu106_ipi/zcu106_ipi.sdk/system_wrapper_hw_platform_0/psu_init.c'
' '
'Building file: ../src/xfsbl_authentication.c'
'Invoking: ARM v8 gcc compiler'
aarch64-none-elf-gcc -DARMA53_64 -Wall -O0 -g3 -I"C:\zcu106_ipi\zcu106_ipi.sdk\system_wrapper_hw_platform_0" -c -fmessage-length=0 -MT"src/xfsbl_authentication.o" -Os -flto -ffat-lto-objects -I../../zynq_mp_fsbl_bsp/psu_cortexa53_0/include -MMD -MP -MF"src/xfsbl_authentication.d" -MT"src/xfsbl_authentication.o" -o "src/xfsbl_authentication.o" "../src/xfsbl_authentication.c"
In file included from ../src/xfsbl_main.h:67:0,
                 from ../src/xfsbl_bs.h:65,
                 from ../src/xfsbl_authentication.c:67:
../../zynq_mp_fsbl_bsp/psu_cortexa53_0/include/xtime_l.h:81:9: note: #pragma message: For the sleep routines, Global timer is being used
 #pragma message ("For the sleep routines, Global timer is being used")
         ^~~~~~~
'Finished building: ../src/xfsbl_authentication.c'
' '
'Building file: ../src/xfsbl_board.c'
'Invoking: ARM v8 gcc compiler'
aarch64-none-elf-gcc -DARMA53_64 -Wall -O0 -g3 -I"C:\zcu106_ipi\zcu106_ipi.sdk\system_wrapper_hw_platform_0" -c -fmessage-length=0 -MT"src/xfsbl_board.o" -Os -flto -ffat-lto-objects -I../../zynq_mp_fsbl_bsp/psu_cortexa53_0/include -MMD -MP -MF"src/xfsbl_board.d" -MT"src/xfsbl_board.o" -o "src/xfsbl_board.o" "../src/xfsbl_board.c"
'Finished building: ../src/xfsbl_board.c'
' '
'Building file: ../src/xfsbl_bs.c'
'Invoking: ARM v8 gcc compiler'
aarch64-none-elf-gcc -DARMA53_64 -Wall -O0 -g3 -I"C:\zcu106_ipi\zcu106_ipi.sdk\system_wrapper_hw_platform_0" -c -fmessage-length=0 -MT"src/xfsbl_bs.o" -Os -flto -ffat-lto-objects -I../../zynq_mp_fsbl_bsp/psu_cortexa53_0/include -MMD -MP -MF"src/xfsbl_bs.d" -MT"src/xfsbl_bs.o" -o "src/xfsbl_bs.o" "../src/xfsbl_bs.c"
In file included from ../src/xfsbl_main.h:67:0,
                 from ../src/xfsbl_bs.h:65,
                 from ../src/xfsbl_bs.c:59:
../../zynq_mp_fsbl_bsp/psu_cortexa53_0/include/xtime_l.h:81:9: note: #pragma message: For the sleep routines, Global timer is being used
 #pragma message ("For the sleep routines, Global timer is being used")
         ^~~~~~~
'Finished building: ../src/xfsbl_bs.c'
' '
'Building file: ../src/xfsbl_csu_dma.c'
'Invoking: ARM v8 gcc compiler'
aarch64-none-elf-gcc -DARMA53_64 -Wall -O0 -g3 -I"C:\zcu106_ipi\zcu106_ipi.sdk\system_wrapper_hw_platform_0" -c -fmessage-length=0 -MT"src/xfsbl_csu_dma.o" -Os -flto -ffat-lto-objects -I../../zynq_mp_fsbl_bsp/psu_cortexa53_0/include -MMD -MP -MF"src/xfsbl_csu_dma.d" -MT"src/xfsbl_csu_dma.o" -o "src/xfsbl_csu_dma.o" "../src/xfsbl_csu_dma.c"
'Finished building: ../src/xfsbl_csu_dma.c'
' '
'Building file: ../src/xfsbl_dfu_util.c'
'Invoking: ARM v8 gcc compiler'
aarch64-none-elf-gcc -DARMA53_64 -Wall -O0 -g3 -I"C:\zcu106_ipi\zcu106_ipi.sdk\system_wrapper_hw_platform_0" -c -fmessage-length=0 -MT"src/xfsbl_dfu_util.o" -Os -flto -ffat-lto-objects -I../../zynq_mp_fsbl_bsp/psu_cortexa53_0/include -MMD -MP -MF"src/xfsbl_dfu_util.d" -MT"src/xfsbl_dfu_util.o" -o "src/xfsbl_dfu_util.o" "../src/xfsbl_dfu_util.c"
'Finished building: ../src/xfsbl_dfu_util.c'
' '
'Building file: ../src/xfsbl_exit.S'
'Invoking: ARM v8 gcc compiler'
aarch64-none-elf-gcc -DARMA53_64 -Wall -O0 -g3 -I"C:\zcu106_ipi\zcu106_ipi.sdk\system_wrapper_hw_platform_0" -c -fmessage-length=0 -MT"src/xfsbl_exit.o" -Os -flto -ffat-lto-objects -I../../zynq_mp_fsbl_bsp/psu_cortexa53_0/include -MMD -MP -MF"src/xfsbl_exit.d" -MT"src/xfsbl_exit.o" -o "src/xfsbl_exit.o" "../src/xfsbl_exit.S"
'Finished building: ../src/xfsbl_exit.S'
' '
'Building file: ../src/xfsbl_handoff.c'
'Invoking: ARM v8 gcc compiler'
aarch64-none-elf-gcc -DARMA53_64 -Wall -O0 -g3 -I"C:\zcu106_ipi\zcu106_ipi.sdk\system_wrapper_hw_platform_0" -c -fmessage-length=0 -MT"src/xfsbl_handoff.o" -Os -flto -ffat-lto-objects -I../../zynq_mp_fsbl_bsp/psu_cortexa53_0/include -MMD -MP -MF"src/xfsbl_handoff.d" -MT"src/xfsbl_handoff.o" -o "src/xfsbl_handoff.o" "../src/xfsbl_handoff.c"
In file included from ../src/xfsbl_main.h:67:0,
                 from ../src/xfsbl_handoff.c:63:
../../zynq_mp_fsbl_bsp/psu_cortexa53_0/include/xtime_l.h:81:9: note: #pragma message: For the sleep routines, Global timer is being used
 #pragma message ("For the sleep routines, Global timer is being used")
         ^~~~~~~
'Finished building: ../src/xfsbl_handoff.c'
' '
'Building file: ../src/xfsbl_hooks.c'
'Invoking: ARM v8 gcc compiler'
aarch64-none-elf-gcc -DARMA53_64 -Wall -O0 -g3 -I"C:\zcu106_ipi\zcu106_ipi.sdk\system_wrapper_hw_platform_0" -c -fmessage-length=0 -MT"src/xfsbl_hooks.o" -Os -flto -ffat-lto-objects -I../../zynq_mp_fsbl_bsp/psu_cortexa53_0/include -MMD -MP -MF"src/xfsbl_hooks.d" -MT"src/xfsbl_hooks.o" -o "src/xfsbl_hooks.o" "../src/xfsbl_hooks.c"
'Finished building: ../src/xfsbl_hooks.c'
' '
'Building file: ../src/xfsbl_image_header.c'
'Invoking: ARM v8 gcc compiler'
aarch64-none-elf-gcc -DARMA53_64 -Wall -O0 -g3 -I"C:\zcu106_ipi\zcu106_ipi.sdk\system_wrapper_hw_platform_0" -c -fmessage-length=0 -MT"src/xfsbl_image_header.o" -Os -flto -ffat-lto-objects -I../../zynq_mp_fsbl_bsp/psu_cortexa53_0/include -MMD -MP -MF"src/xfsbl_image_header.d" -MT"src/xfsbl_image_header.o" -o "src/xfsbl_image_header.o" "../src/xfsbl_image_header.c"
'Finished building: ../src/xfsbl_image_header.c'
' '
'Building file: ../src/xfsbl_initialization.c'
'Invoking: ARM v8 gcc compiler'
aarch64-none-elf-gcc -DARMA53_64 -Wall -O0 -g3 -I"C:\zcu106_ipi\zcu106_ipi.sdk\system_wrapper_hw_platform_0" -c -fmessage-length=0 -MT"src/xfsbl_initialization.o" -Os -flto -ffat-lto-objects -I../../zynq_mp_fsbl_bsp/psu_cortexa53_0/include -MMD -MP -MF"src/xfsbl_initialization.d" -MT"src/xfsbl_initialization.o" -o "src/xfsbl_initialization.o" "../src/xfsbl_initialization.c"
In file included from ../src/xfsbl_main.h:67:0,
                 from ../src/xfsbl_initialization.c:72:
../../zynq_mp_fsbl_bsp/psu_cortexa53_0/include/xtime_l.h:81:9: note: #pragma message: For the sleep routines, Global timer is being used
 #pragma message ("For the sleep routines, Global timer is being used")
         ^~~~~~~
'Finished building: ../src/xfsbl_initialization.c'
' '
'Building file: ../src/xfsbl_main.c'
'Invoking: ARM v8 gcc compiler'
aarch64-none-elf-gcc -DARMA53_64 -Wall -O0 -g3 -I"C:\zcu106_ipi\zcu106_ipi.sdk\system_wrapper_hw_platform_0" -c -fmessage-length=0 -MT"src/xfsbl_main.o" -Os -flto -ffat-lto-objects -I../../zynq_mp_fsbl_bsp/psu_cortexa53_0/include -MMD -MP -MF"src/xfsbl_main.d" -MT"src/xfsbl_main.o" -o "src/xfsbl_main.o" "../src/xfsbl_main.c"
In file included from ../src/xfsbl_main.h:67:0,
                 from ../src/xfsbl_main.c:58:
../../zynq_mp_fsbl_bsp/psu_cortexa53_0/include/xtime_l.h:81:9: note: #pragma message: For the sleep routines, Global timer is being used
 #pragma message ("For the sleep routines, Global timer is being used")
         ^~~~~~~
'Finished building: ../src/xfsbl_main.c'
' '
'Building file: ../src/xfsbl_misc.c'
'Invoking: ARM v8 gcc compiler'
aarch64-none-elf-gcc -DARMA53_64 -Wall -O0 -g3 -I"C:\zcu106_ipi\zcu106_ipi.sdk\system_wrapper_hw_platform_0" -c -fmessage-length=0 -MT"src/xfsbl_misc.o" -Os -flto -ffat-lto-objects -I../../zynq_mp_fsbl_bsp/psu_cortexa53_0/include -MMD -MP -MF"src/xfsbl_misc.d" -MT"src/xfsbl_misc.o" -o "src/xfsbl_misc.o" "../src/xfsbl_misc.c"
In file included from ../src/xfsbl_main.h:67:0,
                 from ../src/xfsbl_misc.c:57:
../../zynq_mp_fsbl_bsp/psu_cortexa53_0/include/xtime_l.h:81:9: note: #pragma message: For the sleep routines, Global timer is being used
 #pragma message ("For the sleep routines, Global timer is being used")
         ^~~~~~~
'Finished building: ../src/xfsbl_misc.c'
' '
'Building file: ../src/xfsbl_misc_drivers.c'
'Invoking: ARM v8 gcc compiler'
aarch64-none-elf-gcc -DARMA53_64 -Wall -O0 -g3 -I"C:\zcu106_ipi\zcu106_ipi.sdk\system_wrapper_hw_platform_0" -c -fmessage-length=0 -MT"src/xfsbl_misc_drivers.o" -Os -flto -ffat-lto-objects -I../../zynq_mp_fsbl_bsp/psu_cortexa53_0/include -MMD -MP -MF"src/xfsbl_misc_drivers.d" -MT"src/xfsbl_misc_drivers.o" -o "src/xfsbl_misc_drivers.o" "../src/xfsbl_misc_drivers.c"
'Finished building: ../src/xfsbl_misc_drivers.c'
' '
'Building file: ../src/xfsbl_nand.c'
'Invoking: ARM v8 gcc compiler'
aarch64-none-elf-gcc -DARMA53_64 -Wall -O0 -g3 -I"C:\zcu106_ipi\zcu106_ipi.sdk\system_wrapper_hw_platform_0" -c -fmessage-length=0 -MT"src/xfsbl_nand.o" -Os -flto -ffat-lto-objects -I../../zynq_mp_fsbl_bsp/psu_cortexa53_0/include -MMD -MP -MF"src/xfsbl_nand.d" -MT"src/xfsbl_nand.o" -o "src/xfsbl_nand.o" "../src/xfsbl_nand.c"
'Finished building: ../src/xfsbl_nand.c'
' '
'Building file: ../src/xfsbl_partition_load.c'
'Invoking: ARM v8 gcc compiler'
aarch64-none-elf-gcc -DARMA53_64 -Wall -O0 -g3 -I"C:\zcu106_ipi\zcu106_ipi.sdk\system_wrapper_hw_platform_0" -c -fmessage-length=0 -MT"src/xfsbl_partition_load.o" -Os -flto -ffat-lto-objects -I../../zynq_mp_fsbl_bsp/psu_cortexa53_0/include -MMD -MP -MF"src/xfsbl_partition_load.d" -MT"src/xfsbl_partition_load.o" -o "src/xfsbl_partition_load.o" "../src/xfsbl_partition_load.c"
In file included from ../src/xfsbl_main.h:67:0,
                 from ../src/xfsbl_partition_load.c:74:
../../zynq_mp_fsbl_bsp/psu_cortexa53_0/include/xtime_l.h:81:9: note: #pragma message: For the sleep routines, Global timer is being used
 #pragma message ("For the sleep routines, Global timer is being used")
         ^~~~~~~
'Finished building: ../src/xfsbl_partition_load.c'
' '
'Building file: ../src/xfsbl_plpartition_valid.c'
'Invoking: ARM v8 gcc compiler'
aarch64-none-elf-gcc -DARMA53_64 -Wall -O0 -g3 -I"C:\zcu106_ipi\zcu106_ipi.sdk\system_wrapper_hw_platform_0" -c -fmessage-length=0 -MT"src/xfsbl_plpartition_valid.o" -Os -flto -ffat-lto-objects -I../../zynq_mp_fsbl_bsp/psu_cortexa53_0/include -MMD -MP -MF"src/xfsbl_plpartition_valid.d" -MT"src/xfsbl_plpartition_valid.o" -o "src/xfsbl_plpartition_valid.o" "../src/xfsbl_plpartition_valid.c"
In file included from ../src/xfsbl_main.h:67:0,
                 from ../src/xfsbl_authentication.h:68,
                 from ../src/xfsbl_plpartition_valid.h:62,
                 from ../src/xfsbl_plpartition_valid.c:77:
../../zynq_mp_fsbl_bsp/psu_cortexa53_0/include/xtime_l.h:81:9: note: #pragma message: For the sleep routines, Global timer is being used
 #pragma message ("For the sleep routines, Global timer is being used")
         ^~~~~~~
'Finished building: ../src/xfsbl_plpartition_valid.c'
' '
'Building file: ../src/xfsbl_qspi.c'
'Invoking: ARM v8 gcc compiler'
aarch64-none-elf-gcc -DARMA53_64 -Wall -O0 -g3 -I"C:\zcu106_ipi\zcu106_ipi.sdk\system_wrapper_hw_platform_0" -c -fmessage-length=0 -MT"src/xfsbl_qspi.o" -Os -flto -ffat-lto-objects -I../../zynq_mp_fsbl_bsp/psu_cortexa53_0/include -MMD -MP -MF"src/xfsbl_qspi.d" -MT"src/xfsbl_qspi.o" -o "src/xfsbl_qspi.o" "../src/xfsbl_qspi.c"
'Finished building: ../src/xfsbl_qspi.c'
' '
'Building file: ../src/xfsbl_rsa_sha.c'
'Invoking: ARM v8 gcc compiler'
aarch64-none-elf-gcc -DARMA53_64 -Wall -O0 -g3 -I"C:\zcu106_ipi\zcu106_ipi.sdk\system_wrapper_hw_platform_0" -c -fmessage-length=0 -MT"src/xfsbl_rsa_sha.o" -Os -flto -ffat-lto-objects -I../../zynq_mp_fsbl_bsp/psu_cortexa53_0/include -MMD -MP -MF"src/xfsbl_rsa_sha.d" -MT"src/xfsbl_rsa_sha.o" -o "src/xfsbl_rsa_sha.o" "../src/xfsbl_rsa_sha.c"
In file included from ../src/xfsbl_main.h:67:0,
                 from ../src/xfsbl_authentication.h:68,
                 from ../src/xfsbl_rsa_sha.c:58:
../../zynq_mp_fsbl_bsp/psu_cortexa53_0/include/xtime_l.h:81:9: note: #pragma message: For the sleep routines, Global timer is being used
 #pragma message ("For the sleep routines, Global timer is being used")
         ^~~~~~~
'Finished building: ../src/xfsbl_rsa_sha.c'
' '
'Building file: ../src/xfsbl_sd.c'
'Invoking: ARM v8 gcc compiler'
aarch64-none-elf-gcc -DARMA53_64 -Wall -O0 -g3 -I"C:\zcu106_ipi\zcu106_ipi.sdk\system_wrapper_hw_platform_0" -c -fmessage-length=0 -MT"src/xfsbl_sd.o" -Os -flto -ffat-lto-objects -I../../zynq_mp_fsbl_bsp/psu_cortexa53_0/include -MMD -MP -MF"src/xfsbl_sd.d" -MT"src/xfsbl_sd.o" -o "src/xfsbl_sd.o" "../src/xfsbl_sd.c"
In file included from ../src/xfsbl_main.h:67:0,
                 from ../src/xfsbl_sd.c:55:
../../zynq_mp_fsbl_bsp/psu_cortexa53_0/include/xtime_l.h:81:9: note: #pragma message: For the sleep routines, Global timer is being used
 #pragma message ("For the sleep routines, Global timer is being used")
         ^~~~~~~
'Finished building: ../src/xfsbl_sd.c'
' '
'Building file: ../src/xfsbl_translation_table.S'
'Invoking: ARM v8 gcc compiler'
aarch64-none-elf-gcc -DARMA53_64 -Wall -O0 -g3 -I"C:\zcu106_ipi\zcu106_ipi.sdk\system_wrapper_hw_platform_0" -c -fmessage-length=0 -MT"src/xfsbl_translation_table.o" -Os -flto -ffat-lto-objects -I../../zynq_mp_fsbl_bsp/psu_cortexa53_0/include -MMD -MP -MF"src/xfsbl_translation_table.d" -MT"src/xfsbl_translation_table.o" -o "src/xfsbl_translation_table.o" "../src/xfsbl_translation_table.S"
'Finished building: ../src/xfsbl_translation_table.S'
' '
'Building file: ../src/xfsbl_usb.c'
'Invoking: ARM v8 gcc compiler'
aarch64-none-elf-gcc -DARMA53_64 -Wall -O0 -g3 -I"C:\zcu106_ipi\zcu106_ipi.sdk\system_wrapper_hw_platform_0" -c -fmessage-length=0 -MT"src/xfsbl_usb.o" -Os -flto -ffat-lto-objects -I../../zynq_mp_fsbl_bsp/psu_cortexa53_0/include -MMD -MP -MF"src/xfsbl_usb.d" -MT"src/xfsbl_usb.o" -o "src/xfsbl_usb.o" "../src/xfsbl_usb.c"
'Finished building: ../src/xfsbl_usb.c'
' '
'Building target: zynq_mp_fsbl.elf'
'Invoking: ARM v8 gcc linker'
aarch64-none-elf-gcc -Wl,-T -Wl,../src/lscript.ld -L../../zynq_mp_fsbl_bsp/psu_cortexa53_0/lib -o "zynq_mp_fsbl.elf"  ./src/psu_init.o ./src/xfsbl_authentication.o ./src/xfsbl_board.o ./src/xfsbl_bs.o ./src/xfsbl_csu_dma.o ./src/xfsbl_dfu_util.o ./src/xfsbl_exit.o ./src/xfsbl_handoff.o ./src/xfsbl_hooks.o ./src/xfsbl_image_header.o ./src/xfsbl_initialization.o ./src/xfsbl_main.o ./src/xfsbl_misc.o ./src/xfsbl_misc_drivers.o ./src/xfsbl_nand.o ./src/xfsbl_partition_load.o ./src/xfsbl_plpartition_valid.o ./src/xfsbl_qspi.o ./src/xfsbl_rsa_sha.o ./src/xfsbl_sd.o ./src/xfsbl_translation_table.o ./src/xfsbl_usb.o   -Wl,--start-group,-lxil,-lgcc,-lc,--end-group -Wl,--start-group,-lxilffs,-lxil,-lgcc,-lc,--end-group -Wl,--start-group,-lxilsecure,-lxil,-lgcc,-lc,--end-group -Wl,--start-group,-lxilpm,-lxil,-lgcc,-lc,--end-group -n
'Finished building target: zynq_mp_fsbl.elf'
' '
'Invoking: ARM v8 Print Size'
aarch64-none-elf-size zynq_mp_fsbl.elf  |tee "zynq_mp_fsbl.elf.size"
   text	   data	    bss	    dec	    hex	filename
  90784	   4848	  87032	 182664	  2c988	zynq_mp_fsbl.elf
'Finished building: zynq_mp_fsbl.elf.size'
' '
13:50:16 **** Auto Build of configuration Debug for project blinkbist ****
make all 
make: Nothing to be done for `all'.
