#-----------------------------------------------------------
# Vivado v2017.4 (64-bit)
# SW Build 2086221 on Fri Dec 15 20:54:30 MST 2017
# IP Build 2085800 on Fri Dec 15 22:25:07 MST 2017
# Start of session at: Sun Jan  6 19:28:16 2019
# Process ID: 29581
# Current directory: /home/puya/Projects/FPGA/Xilinx/HLS/Vivado_HLS_Tutorial/Using_IP_with_Zynq/lab2/project_1/project_1.runs/Zynq_RealFFT_auto_pc_1_synth_1
# Command line: vivado -log Zynq_RealFFT_auto_pc_1.vds -product Vivado -mode batch -messageDb vivado.pb -notrace -source Zynq_RealFFT_auto_pc_1.tcl
# Log file: /home/puya/Projects/FPGA/Xilinx/HLS/Vivado_HLS_Tutorial/Using_IP_with_Zynq/lab2/project_1/project_1.runs/Zynq_RealFFT_auto_pc_1_synth_1/Zynq_RealFFT_auto_pc_1.vds
# Journal file: /home/puya/Projects/FPGA/Xilinx/HLS/Vivado_HLS_Tutorial/Using_IP_with_Zynq/lab2/project_1/project_1.runs/Zynq_RealFFT_auto_pc_1_synth_1/vivado.jou
#-----------------------------------------------------------
source Zynq_RealFFT_auto_pc_1.tcl -notrace
